entity,period,"FTK.K206,R010,C080","FTK.K206,R020,C010","FTK.K206,R020,C080","FTK.K206,R030,C010","FTK.K206,R030,C020","FTK.K206,R030,C030","FTK.K206,R030,C040","FTK.K206,R030,C050","FTK.K206,R030,C060","FTK.K206,R030,C070","FTK.K206,R030,C090","FTK.K206,R030,C100","FTK.K206,R030,C110","FTK.K206,R030,C120","FTK.K206,R030,C130","FTK.K206,R030,C140","FTK.K206,R040,C010","FTK.K206,R040,C020","FTK.K206,R040,C030","FTK.K206,R040,C040","FTK.K206,R040,C050","FTK.K206,R040,C060","FTK.K206,R040,C070","FTK.K206,R040,C090","FTK.K206,R040,C100","FTK.K206,R040,C110","FTK.K206,R040,C120","FTK.K206,R040,C130","FTK.K206,R040,C140","FTK.K206,R050,C010","FTK.K206,R050,C020","FTK.K206,R050,C030","FTK.K206,R050,C040","FTK.K206,R050,C050","FTK.K206,R050,C060","FTK.K206,R050,C070","FTK.K206,R050,C090","FTK.K206,R050,C100","FTK.K206,R050,C110","FTK.K206,R050,C120","FTK.K206,R050,C130","FTK.K206,R050,C140","FTK.K206,R060,C010","FTK.K206,R060,C020","FTK.K206,R060,C030","FTK.K206,R060,C040","FTK.K206,R060,C050","FTK.K206,R060,C060","FTK.K206,R060,C070","FTK.K206,R060,C090","FTK.K206,R060,C100","FTK.K206,R060,C110","FTK.K206,R060,C120","FTK.K206,R060,C130","FTK.K206,R060,C140","FTK.K206,R070,C010","FTK.K206,R070,C020","FTK.K206,R070,C030","FTK.K206,R070,C040","FTK.K206,R070,C050","FTK.K206,R070,C060","FTK.K206,R070,C070","FTK.K206,R070,C090","FTK.K206,R070,C100","FTK.K206,R070,C110","FTK.K206,R070,C120","FTK.K206,R070,C130","FTK.K206,R070,C140","FTK.K206,R080,C010","FTK.K206,R080,C080","FTK.K206,R090,C010","FTK.K206,R090,C020","FTK.K206,R090,C030","FTK.K206,R090,C040","FTK.K206,R090,C050","FTK.K206,R090,C060","FTK.K206,R090,C070","FTK.K206,R090,C090","FTK.K206,R090,C100","FTK.K206,R090,C110","FTK.K206,R090,C120","FTK.K206,R090,C130","FTK.K206,R090,C140","FTK.K206,R100,C010","FTK.K206,R100,C020","FTK.K206,R100,C030","FTK.K206,R100,C040","FTK.K206,R100,C050","FTK.K206,R100,C060","FTK.K206,R100,C070","FTK.K206,R100,C090","FTK.K206,R100,C100","FTK.K206,R100,C110","FTK.K206,R100,C120","FTK.K206,R100,C130","FTK.K206,R100,C140","FTK.K206,R110,C010","FTK.K206,R110,C020","FTK.K206,R110,C030","FTK.K206,R110,C040","FTK.K206,R110,C050","FTK.K206,R110,C060","FTK.K206,R110,C070","FTK.K206,R110,C090","FTK.K206,R110,C100","FTK.K206,R110,C110","FTK.K206,R110,C120","FTK.K206,R110,C130","FTK.K206,R110,C140","FTK.K206,R120,C080","FTK.K206,R130,C010","FTK.K206,R130,C080","FTK.K206,R140,C010","FTK.K206,R140,C020","FTK.K206,R140,C030","FTK.K206,R140,C040","FTK.K206,R140,C050","FTK.K206,R140,C060","FTK.K206,R140,C070","FTK.K206,R140,C090","FTK.K206,R140,C100","FTK.K206,R140,C110","FTK.K206,R140,C120","FTK.K206,R140,C130","FTK.K206,R140,C140","FTK.K206,R150,C010","FTK.K206,R150,C020","FTK.K206,R150,C030","FTK.K206,R150,C040","FTK.K206,R150,C050","FTK.K206,R150,C060","FTK.K206,R150,C070","FTK.K206,R150,C090","FTK.K206,R150,C100","FTK.K206,R150,C110","FTK.K206,R150,C120","FTK.K206,R150,C130","FTK.K206,R150,C140","FTK.K206,R160,C010","FTK.K206,R160,C020","FTK.K206,R160,C030","FTK.K206,R160,C040","FTK.K206,R160,C050","FTK.K206,R160,C060","FTK.K206,R160,C070","FTK.K206,R160,C090","FTK.K206,R160,C100","FTK.K206,R160,C110","FTK.K206,R160,C120","FTK.K206,R160,C130","FTK.K206,R160,C140","FTK.K206,R170,C010","FTK.K206,R170,C080","FTK.K206,R180,C020","FTK.K206,R180,C030","FTK.K206,R180,C040","FTK.K206,R180,C050","FTK.K206,R180,C060","FTK.K206,R180,C070","FTK.K206,R180,C090","FTK.K206,R180,C100","FTK.K206,R180,C110","FTK.K206,R180,C120","FTK.K206,R180,C130","FTK.K206,R180,C140","FTK.K206,R190,C020","FTK.K206,R190,C030","FTK.K206,R190,C040","FTK.K206,R190,C050","FTK.K206,R190,C060","FTK.K206,R190,C070","FTK.K206,R190,C090","FTK.K206,R190,C100","FTK.K206,R190,C110","FTK.K206,R190,C120","FTK.K206,R190,C130","FTK.K206,R190,C140","FTK.K206,R200,C020","FTK.K206,R200,C030","FTK.K206,R200,C040","FTK.K206,R200,C050","FTK.K206,R200,C060","FTK.K206,R200,C070","FTK.K206,R200,C090","FTK.K206,R200,C100","FTK.K206,R200,C110","FTK.K206,R200,C120","FTK.K206,R200,C130","FTK.K206,R200,C140","FTK.K206,R210,C020","FTK.K206,R210,C030","FTK.K206,R210,C040","FTK.K206,R210,C050","FTK.K206,R210,C060","FTK.K206,R210,C070","FTK.K206,R210,C090","FTK.K206,R210,C100","FTK.K206,R210,C110","FTK.K206,R210,C120","FTK.K206,R210,C130","FTK.K206,R210,C140","FTK.K206,R220,C020","FTK.K206,R220,C030","FTK.K206,R220,C040","FTK.K206,R220,C050","FTK.K206,R220,C060","FTK.K206,R220,C070","FTK.K206,R220,C090","FTK.K206,R220,C100","FTK.K206,R220,C110","FTK.K206,R220,C120","FTK.K206,R220,C130","FTK.K206,R220,C140","FTK.K206,R230,C020","FTK.K206,R230,C030","FTK.K206,R230,C040","FTK.K206,R230,C050","FTK.K206,R230,C060","FTK.K206,R230,C070","FTK.K206,R230,C090","FTK.K206,R230,C100","FTK.K206,R230,C110","FTK.K206,R230,C120","FTK.K206,R230,C130","FTK.K206,R230,C140","FTK.K206,R240,C020","FTK.K206,R240,C030","FTK.K206,R240,C040","FTK.K206,R240,C050","FTK.K206,R240,C060","FTK.K206,R240,C070","FTK.K206,R240,C090","FTK.K206,R240,C100","FTK.K206,R240,C110","FTK.K206,R240,C120","FTK.K206,R240,C130","FTK.K206,R240,C140","FTK.K206,R250,C010","FTK.K206,R250,C020","FTK.K206,R250,C030","FTK.K206,R250,C040","FTK.K206,R250,C050","FTK.K206,R250,C060","FTK.K206,R250,C070","FTK.K206,R250,C090","FTK.K206,R250,C100","FTK.K206,R250,C110","FTK.K206,R250,C120","FTK.K206,R250,C130","FTK.K206,R250,C140","FTK.K206,R260,C010","FTK.K206,R260,C020","FTK.K206,R260,C030","FTK.K206,R260,C040","FTK.K206,R260,C050","FTK.K206,R260,C060","FTK.K206,R260,C070","FTK.K206,R260,C090","FTK.K206,R260,C100","FTK.K206,R260,C110","FTK.K206,R260,C120","FTK.K206,R260,C130","FTK.K206,R260,C140","FTK.K206,R270,C010","FTK.K206,R270,C020","FTK.K206,R270,C030","FTK.K206,R270,C040","FTK.K206,R270,C050","FTK.K206,R270,C060","FTK.K206,R270,C070","FTK.K206,R270,C090","FTK.K206,R270,C100","FTK.K206,R270,C110","FTK.K206,R270,C120","FTK.K206,R270,C130","FTK.K206,R270,C140"
LEGALIDENTIFIER20P32,2018-12-31,775000.0,776000.0,777000.0,778000.0,779000.0,780000.0,781000.0,782000.0,783000.0,784000.0,785000.0,786000.0,787000.0,788000.0,789000.0,790000.0,791000.0,792000.0,793000.0,794000.0,795000.0,796000.0,797000.0,798000.0,799000.0,800000.0,801000.0,802000.0,803000.0,804000.0,805000.0,806000.0,807000.0,808000.0,809000.0,810000.0,811000.0,812000.0,813000.0,814000.0,815000.0,816000.0,817000.0,818000.0,819000.0,820000.0,821000.0,822000.0,823000.0,824000.0,825000.0,826000.0,827000.0,828000.0,829000.0,830000.0,831000.0,832000.0,833000.0,834000.0,835000.0,836000.0,837000.0,838000.0,839000.0,840000.0,841000.0,842000.0,843000.0,844000.0,845000.0,846000.0,847000.0,848000.0,849000.0,850000.0,851000.0,852000.0,853000.0,854000.0,855000.0,856000.0,857000.0,858000.0,859000.0,860000.0,861000.0,862000.0,863000.0,864000.0,865000.0,866000.0,867000.0,868000.0,869000.0,870000.0,871000.0,872000.0,873000.0,874000.0,875000.0,876000.0,877000.0,878000.0,879000.0,880000.0,881000.0,882000.0,883000.0,884000.0,885000.0,886000.0,887000.0,888000.0,889000.0,890000.0,891000.0,892000.0,893000.0,894000.0,895000.0,896000.0,897000.0,898000.0,899000.0,900000.0,901000.0,902000.0,903000.0,904000.0,905000.0,906000.0,907000.0,908000.0,909000.0,910000.0,911000.0,912000.0,913000.0,914000.0,915000.0,916000.0,917000.0,918000.0,919000.0,920000.0,921000.0,922000.0,923000.0,924000.0,925000.0,926000.0,927000.0,928000.0,929000.0,930000.0,931000.0,932000.0,933000.0,934000.0,935000.0,936000.0,937000.0,938000.0,939000.0,940000.0,941000.0,942000.0,943000.0,944000.0,945000.0,946000.0,947000.0,948000.0,949000.0,950000.0,951000.0,952000.0,953000.0,954000.0,955000.0,956000.0,957000.0,958000.0,959000.0,960000.0,961000.0,962000.0,963000.0,964000.0,965000.0,966000.0,967000.0,968000.0,969000.0,970000.0,971000.0,972000.0,973000.0,974000.0,975000.0,976000.0,977000.0,978000.0,979000.0,980000.0,981000.0,982000.0,983000.0,984000.0,985000.0,986000.0,987000.0,988000.0,989000.0,990000.0,991000.0,992000.0,993000.0,994000.0,995000.0,996000.0,997000.0,998000.0,999000.0,1000000.0,1001000.0,1002000.0,1003000.0,1004000.0,1005000.0,1006000.0,1007000.0,1008000.0,1009000.0,1010000.0,1011000.0,1012000.0,1013000.0,1014000.0,1015000.0,1016000.0,1017000.0,1018000.0,1019000.0,1020000.0,1021000.0,1022000.0,1023000.0,1024000.0,1025000.0,1026000.0,1027000.0,1028000.0,1029000.0,1030000.0,1031000.0,1032000.0,1033000.0,1034000.0,1035000.0,1036000.0,1037000.0,0.11,0.12,0.13,0.14,0.15,0.16,0.17,0.18,0.19,0.2,0.21,0.22,0.23
