entity,period,"K208B,130","FTK.K208B,C140","FTK.K208B,C150","FTK.K208B,C160","FTK.K208B,C170","FTK.K208B,C180","FTK.K208B,C190","FTK.K208B,C200","FTK.K208B,C210","FTK.K208B,C220","FTK.K208B,C230","FTK.K208B,C240","FTK.K208B,C250","FTK.K208B,C260","FTK.K208B,C270","FTK.K208B,C280","FTK.K208B,C290","FTK.K208B,C300","FTK.K208B,C310","FTK.K208B,C320"
LEGALIDENTIFIER20P32,2018-12-31,Key 3,Text 21,Text 22,Text 23,"A - Agriculture, forestry and fishing",Text 24,Text 25,AFGHANISTAN,EUR,Text 26,Alternative investment,Text 27,Euler Hermes Rating GmbH (LEI code: 391200QXGLWHK9VK6V27),0.25,1900-12-31 00:00:00,1042000.0,0.0315,Not an infrastructure investment,Credit quality step 0,Text 28
