entity,period,"FTK.K101-1,R010,C010","FTK.K101-1,R020,C010","FTK.K101-1,R030,C010","FTK.K101-1,R040,C010","FTK.K101-1,R050,C010","FTK.K101-1,R060,C010","FTK.K101-1,R070,C010","FTK.K101-1,R080,C010","FTK.K101-1,R090,C010","FTK.K101-1,R100,C010","FTK.K101-1,R110,C010","FTK.K101-1,R120,C010","FTK.K101-1,R130,C010","FTK.K101-1,R140,C010","FTK.K101-1,R150,C010","FTK.K101-1,R160,C010","FTK.K101-1,R170,C010","FTK.K101-1,R180,C010","FTK.K101-1,R190,C010","FTK.K101-1,R200,C010","FTK.K101-1,R210,C010","FTK.K101-1,R220,C010","FTK.K101-1,R230,C010","FTK.K101-1,R240,C010","FTK.K101-1,R250,C010","FTK.K101-1,R260,C010","FTK.K101-1,R270,C010","FTK.K101-1,R280,C010","FTK.K101-1,R290,C010","FTK.K101-1,R300,C010"
LEGALIDENTIFIER20P32,2018-12-31,1056000.0,1057000.0,1058000.0,1059000.0,1060000.0,1061000.0,1062000.0,1063000.0,1064000.0,1065000.0,1066000.0,1067000.0,1068000.0,1069000.0,1070000.0,1071000.0,Text 46,1072000.0,1073000.0,1074000.0,1075000.0,1076000.0,1077000.0,Text 47,0.0317,0.0318,0.0319,0.032,Text 48,0.3
