entity,period,"FTK.K202,R010,C010","FTK.K202,R010,C020","FTK.K202,R010,C030","FTK.K202,R010,C040","FTK.K202,R010,C050","FTK.K202,R020,C010","FTK.K202,R020,C020","FTK.K202,R020,C030","FTK.K202,R020,C040","FTK.K202,R020,C050","FTK.K202,R030,C010","FTK.K202,R030,C020","FTK.K202,R030,C030","FTK.K202,R030,C040","FTK.K202,R030,C050","FTK.K202,R040,C010","FTK.K202,R040,C020","FTK.K202,R040,C030","FTK.K202,R040,C040","FTK.K202,R040,C050","FTK.K202,R050,C010","FTK.K202,R050,C020","FTK.K202,R050,C030","FTK.K202,R050,C040","FTK.K202,R050,C050","FTK.K202,R060,C010","FTK.K202,R060,C020","FTK.K202,R060,C030","FTK.K202,R060,C040","FTK.K202,R060,C050","FTK.K202,R070,C010","FTK.K202,R070,C020","FTK.K202,R070,C030","FTK.K202,R070,C040","FTK.K202,R070,C050","FTK.K202,R080,C010","FTK.K202,R080,C020","FTK.K202,R080,C030","FTK.K202,R080,C040","FTK.K202,R080,C050","FTK.K202,R090,C020","FTK.K202,R090,C030","FTK.K202,R090,C040","FTK.K202,R090,C050","FTK.K202,R100,C020","FTK.K202,R100,C030","FTK.K202,R100,C040","FTK.K202,R100,C050"
LEGALIDENTIFIER20P32,2018-12-31,270000.0,271000.0,272000.0,273000.0,274000.0,275000.0,276000.0,277000.0,278000.0,279000.0,280000.0,281000.0,282000.0,283000.0,284000.0,285000.0,286000.0,287000.0,288000.0,289000.0,290000.0,291000.0,292000.0,293000.0,294000.0,295000.0,296000.0,297000.0,298000.0,299000.0,300000.0,301000.0,302000.0,303000.0,304000.0,305000.0,306000.0,307000.0,308000.0,309000.0,310000.0,311000.0,312000.0,313000.0,0.0245,0.0246,0.0247,0.0248
