entity,period,"FTK.K204,R010,C010","FTK.K204,R010,C020","FTK.K204,R010,C030","FTK.K204,R010,C040","FTK.K204,R010,C050","FTK.K204,R010,C060","FTK.K204,R010,C070","FTK.K204,R010,C080","FTK.K204,R020,C010","FTK.K204,R020,C020","FTK.K204,R020,C030","FTK.K204,R020,C040","FTK.K204,R020,C050","FTK.K204,R020,C060","FTK.K204,R020,C070","FTK.K204,R020,C080","FTK.K204,R030,C010","FTK.K204,R030,C020","FTK.K204,R030,C030","FTK.K204,R030,C040","FTK.K204,R030,C050","FTK.K204,R030,C060","FTK.K204,R030,C070","FTK.K204,R030,C080","FTK.K204,R040,C010","FTK.K204,R040,C020","FTK.K204,R040,C030","FTK.K204,R040,C040","FTK.K204,R040,C050","FTK.K204,R040,C060","FTK.K204,R040,C070","FTK.K204,R040,C080","FTK.K204,R050,C010","FTK.K204,R050,C020","FTK.K204,R050,C030","FTK.K204,R050,C040","FTK.K204,R050,C050","FTK.K204,R050,C060","FTK.K204,R050,C070","FTK.K204,R050,C080","FTK.K204,R060,C010","FTK.K204,R060,C020","FTK.K204,R060,C030","FTK.K204,R060,C040","FTK.K204,R060,C050","FTK.K204,R060,C060","FTK.K204,R060,C070","FTK.K204,R060,C080","FTK.K204,R070,C010","FTK.K204,R070,C020","FTK.K204,R070,C030","FTK.K204,R070,C040","FTK.K204,R070,C050","FTK.K204,R070,C060","FTK.K204,R070,C070","FTK.K204,R070,C080","FTK.K204,R080,C010","FTK.K204,R080,C020","FTK.K204,R080,C030","FTK.K204,R080,C040","FTK.K204,R080,C050","FTK.K204,R080,C060","FTK.K204,R080,C070","FTK.K204,R080,C080","FTK.K204,R090,C010","FTK.K204,R090,C020","FTK.K204,R090,C030","FTK.K204,R090,C040","FTK.K204,R090,C050","FTK.K204,R090,C060","FTK.K204,R090,C070","FTK.K204,R090,C080","FTK.K204,R100,C010","FTK.K204,R100,C020","FTK.K204,R100,C030","FTK.K204,R100,C040","FTK.K204,R100,C050","FTK.K204,R100,C060","FTK.K204,R100,C070","FTK.K204,R100,C080","FTK.K204,R110,C010","FTK.K204,R110,C020","FTK.K204,R110,C030","FTK.K204,R110,C040","FTK.K204,R110,C050","FTK.K204,R110,C060","FTK.K204,R110,C070","FTK.K204,R110,C080","FTK.K204,R120,C010","FTK.K204,R120,C020","FTK.K204,R120,C030","FTK.K204,R120,C040","FTK.K204,R120,C050","FTK.K204,R120,C060","FTK.K204,R120,C070","FTK.K204,R120,C080","FTK.K204,R130,C010","FTK.K204,R130,C020","FTK.K204,R130,C030","FTK.K204,R130,C040","FTK.K204,R130,C050","FTK.K204,R130,C060","FTK.K204,R130,C070","FTK.K204,R130,C080","FTK.K204,R140,C010","FTK.K204,R140,C020","FTK.K204,R140,C030","FTK.K204,R140,C040","FTK.K204,R140,C050","FTK.K204,R140,C060","FTK.K204,R140,C070","FTK.K204,R140,C080","FTK.K204,R150,C010","FTK.K204,R150,C020","FTK.K204,R150,C030","FTK.K204,R150,C040","FTK.K204,R150,C050","FTK.K204,R150,C060","FTK.K204,R150,C070","FTK.K204,R150,C080","FTK.K204,R160,C010","FTK.K204,R160,C020","FTK.K204,R160,C030","FTK.K204,R160,C040","FTK.K204,R160,C050","FTK.K204,R160,C060","FTK.K204,R160,C070","FTK.K204,R160,C080","FTK.K204,R170,C010","FTK.K204,R170,C020","FTK.K204,R170,C030","FTK.K204,R170,C040","FTK.K204,R170,C050","FTK.K204,R170,C060","FTK.K204,R170,C070","FTK.K204,R170,C080","FTK.K204,R180,C010","FTK.K204,R180,C020","FTK.K204,R180,C030","FTK.K204,R180,C040","FTK.K204,R180,C050","FTK.K204,R180,C060","FTK.K204,R180,C070","FTK.K204,R180,C080","FTK.K204,R190,C010","FTK.K204,R190,C020","FTK.K204,R190,C030","FTK.K204,R190,C040","FTK.K204,R190,C050","FTK.K204,R190,C060","FTK.K204,R190,C070","FTK.K204,R190,C080","FTK.K204,R200,C010","FTK.K204,R200,C020","FTK.K204,R200,C030","FTK.K204,R200,C040","FTK.K204,R200,C050","FTK.K204,R200,C060","FTK.K204,R200,C070","FTK.K204,R200,C080","FTK.K204,R210,C010","FTK.K204,R210,C020","FTK.K204,R210,C030","FTK.K204,R210,C040","FTK.K204,R210,C050","FTK.K204,R210,C060","FTK.K204,R210,C070","FTK.K204,R210,C080","FTK.K204,R220,C010","FTK.K204,R220,C020","FTK.K204,R220,C030","FTK.K204,R220,C040","FTK.K204,R220,C050","FTK.K204,R220,C060","FTK.K204,R220,C070","FTK.K204,R220,C080","FTK.K204,R230,C010","FTK.K204,R230,C020","FTK.K204,R230,C030","FTK.K204,R230,C040","FTK.K204,R230,C050","FTK.K204,R230,C060","FTK.K204,R230,C070","FTK.K204,R230,C080","FTK.K204,R240,C010","FTK.K204,R240,C020","FTK.K204,R240,C030","FTK.K204,R240,C040","FTK.K204,R240,C050","FTK.K204,R240,C060","FTK.K204,R240,C070","FTK.K204,R240,C080","FTK.K204,R250,C010","FTK.K204,R250,C020","FTK.K204,R250,C030","FTK.K204,R250,C040","FTK.K204,R250,C050","FTK.K204,R250,C060","FTK.K204,R250,C070","FTK.K204,R250,C080","FTK.K204,R260,C010","FTK.K204,R260,C030","FTK.K204,R260,C040","FTK.K204,R260,C050","FTK.K204,R260,C060","FTK.K204,R260,C070","FTK.K204,R260,C080","FTK.K204,R270,C010","FTK.K204,R270,C030","FTK.K204,R270,C040","FTK.K204,R270,C050","FTK.K204,R270,C060","FTK.K204,R270,C070","FTK.K204,R270,C080","FTK.K204,R280,C010","FTK.K204,R280,C030","FTK.K204,R280,C040","FTK.K204,R280,C050","FTK.K204,R280,C060","FTK.K204,R280,C070","FTK.K204,R280,C080","FTK.K204,R290,C010","FTK.K204,R290,C030","FTK.K204,R290,C040","FTK.K204,R290,C050","FTK.K204,R290,C060","FTK.K204,R290,C070","FTK.K204,R290,C080","FTK.K204,R300,C010","FTK.K204,R300,C030","FTK.K204,R300,C040","FTK.K204,R300,C050","FTK.K204,R300,C060","FTK.K204,R300,C070","FTK.K204,R300,C080","FTK.K204,R310,C020","FTK.K204,R310,C050","FTK.K204,R310,C060","FTK.K204,R310,C070","FTK.K204,R310,C080","FTK.K204,R320,C020","FTK.K204,R320,C050","FTK.K204,R320,C060","FTK.K204,R320,C070","FTK.K204,R320,C080","FTK.K204,R330,C020","FTK.K204,R330,C050","FTK.K204,R330,C060","FTK.K204,R330,C070","FTK.K204,R330,C080","FTK.K204,R340,C020","FTK.K204,R340,C050","FTK.K204,R340,C060","FTK.K204,R340,C070","FTK.K204,R340,C080","FTK.K204,R350,C020","FTK.K204,R350,C050","FTK.K204,R350,C060","FTK.K204,R350,C070","FTK.K204,R350,C080","FTK.K204,R360,C020","FTK.K204,R360,C050","FTK.K204,R360,C060","FTK.K204,R360,C070","FTK.K204,R360,C080","FTK.K204,R370,C020","FTK.K204,R370,C050","FTK.K204,R370,C060","FTK.K204,R370,C070","FTK.K204,R370,C080","FTK.K204,R380,C020","FTK.K204,R380,C050","FTK.K204,R380,C060","FTK.K204,R380,C070","FTK.K204,R380,C080","FTK.K204,R390,C020","FTK.K204,R390,C050","FTK.K204,R390,C060","FTK.K204,R390,C070","FTK.K204,R390,C080","FTK.K204,R400,C020","FTK.K204,R400,C050","FTK.K204,R400,C060","FTK.K204,R400,C070","FTK.K204,R400,C080","FTK.K204,R410,C020","FTK.K204,R410,C050","FTK.K204,R410,C060","FTK.K204,R410,C070","FTK.K204,R410,C080","FTK.K204,R420,C020","FTK.K204,R420,C050","FTK.K204,R420,C060","FTK.K204,R420,C070","FTK.K204,R420,C080","FTK.K204,R430,C020","FTK.K204,R430,C050","FTK.K204,R430,C060","FTK.K204,R430,C070","FTK.K204,R430,C080","FTK.K204,R440,C020","FTK.K204,R440,C050","FTK.K204,R440,C060","FTK.K204,R440,C070","FTK.K204,R440,C080"
LEGALIDENTIFIER20P32,2018-12-31,470000.0,471000.0,472000.0,473000.0,474000.0,475000.0,476000.0,477000.0,478000.0,479000.0,480000.0,481000.0,482000.0,483000.0,484000.0,485000.0,486000.0,487000.0,488000.0,489000.0,490000.0,491000.0,492000.0,493000.0,494000.0,495000.0,496000.0,497000.0,498000.0,499000.0,500000.0,501000.0,502000.0,503000.0,504000.0,505000.0,506000.0,507000.0,508000.0,509000.0,510000.0,511000.0,512000.0,513000.0,514000.0,515000.0,516000.0,517000.0,518000.0,519000.0,520000.0,521000.0,522000.0,523000.0,524000.0,525000.0,526000.0,527000.0,528000.0,529000.0,530000.0,531000.0,532000.0,533000.0,534000.0,535000.0,536000.0,537000.0,538000.0,539000.0,540000.0,541000.0,542000.0,543000.0,544000.0,545000.0,546000.0,547000.0,548000.0,549000.0,550000.0,551000.0,552000.0,553000.0,554000.0,555000.0,556000.0,557000.0,558000.0,559000.0,560000.0,561000.0,562000.0,563000.0,564000.0,565000.0,566000.0,567000.0,568000.0,569000.0,570000.0,571000.0,572000.0,573000.0,574000.0,575000.0,576000.0,577000.0,578000.0,579000.0,580000.0,581000.0,582000.0,583000.0,584000.0,585000.0,586000.0,587000.0,588000.0,589000.0,590000.0,591000.0,592000.0,593000.0,594000.0,595000.0,596000.0,597000.0,598000.0,599000.0,600000.0,601000.0,602000.0,603000.0,604000.0,605000.0,606000.0,607000.0,608000.0,609000.0,610000.0,611000.0,612000.0,613000.0,614000.0,615000.0,616000.0,617000.0,618000.0,619000.0,620000.0,621000.0,622000.0,623000.0,624000.0,625000.0,626000.0,627000.0,628000.0,629000.0,630000.0,631000.0,632000.0,633000.0,634000.0,635000.0,636000.0,637000.0,638000.0,639000.0,640000.0,641000.0,642000.0,643000.0,644000.0,645000.0,646000.0,647000.0,648000.0,649000.0,650000.0,651000.0,652000.0,653000.0,654000.0,655000.0,656000.0,657000.0,658000.0,659000.0,660000.0,661000.0,662000.0,663000.0,664000.0,665000.0,666000.0,667000.0,668000.0,669000.0,670000.0,671000.0,672000.0,673000.0,674000.0,675000.0,676000.0,677000.0,678000.0,679000.0,680000.0,681000.0,682000.0,683000.0,684000.0,685000.0,686000.0,687000.0,688000.0,689000.0,690000.0,691000.0,692000.0,693000.0,694000.0,695000.0,696000.0,697000.0,698000.0,699000.0,700000.0,701000.0,702000.0,703000.0,704000.0,705000.0,706000.0,707000.0,708000.0,709000.0,710000.0,711000.0,712000.0,713000.0,714000.0,715000.0,716000.0,717000.0,718000.0,719000.0,720000.0,721000.0,722000.0,723000.0,724000.0,725000.0,726000.0,727000.0,728000.0,729000.0,730000.0,731000.0,732000.0,733000.0,734000.0,735000.0,736000.0,737000.0,738000.0,739000.0,740000.0,741000.0,742000.0,743000.0,744000.0,745000.0,746000.0,747000.0,748000.0,749000.0,750000.0,751000.0,752000.0,753000.0,754000.0,755000.0,756000.0,757000.0,758000.0,759000.0,760000.0,761000.0,762000.0,763000.0,764000.0,765000.0,766000.0,767000.0,768000.0,769000.0,770000.0,771000.0,772000.0,773000.0,774000.0
