entity,period,"FTK.K000,R010,C010","FTK.K000,R020,C010","FTK.K000,R030,C010","FTK.K000,R040,C010","FTK.K000,R050,C010","FTK.K000,R060,C010"
LEGALIDENTIFIER20P32,2018-12-31,Text 1,Text 2,Text 3,Text 4,Text 5,Text 6
