entity,period,"FTK.K201-2,R010,C010","FTK.K201-2,R010,C020","FTK.K201-2,R010,C030","FTK.K201-2,R020,C010","FTK.K201-2,R020,C020","FTK.K201-2,R020,C030","FTK.K201-2,R030,C010","FTK.K201-2,R030,C020","FTK.K201-2,R030,C030","FTK.K201-2,R040,C010","FTK.K201-2,R040,C020","FTK.K201-2,R040,C030","FTK.K201-2,R050,C010","FTK.K201-2,R050,C020","FTK.K201-2,R050,C030","FTK.K201-2,R060,C010","FTK.K201-2,R060,C020","FTK.K201-2,R060,C030","FTK.K201-2,R070,C010","FTK.K201-2,R070,C020","FTK.K201-2,R070,C030","FTK.K201-2,R080,C020","FTK.K201-2,R080,C030","FTK.K201-2,R090,C010","FTK.K201-2,R090,C020","FTK.K201-2,R090,C030","FTK.K201-2,R100,C040"
LEGALIDENTIFIER20P32,2018-12-31,244000.0,252000.0,261000.0,245000.0,253000.0,262000.0,246000.0,254000.0,263000.0,247000.0,255000.0,264000.0,248000.0,256000.0,265000.0,249000.0,257000.0,266000.0,250000.0,258000.0,267000.0,259000.0,268000.0,251000.0,260000.0,269000.0,0.0244
