entity,period,"FTK.K101-2,R010,C010","FTK.K101-2,R020,C010","FTK.K101-2,R030,C010","FTK.K101-2,R040,C020","FTK.K101-2,R040,C030","FTK.K101-2,R040,C040","FTK.K101-2,R040,C050","FTK.K101-2,R050,C020","FTK.K101-2,R050,C030","FTK.K101-2,R050,C040","FTK.K101-2,R050,C050","FTK.K101-2,R060,C020","FTK.K101-2,R060,C030","FTK.K101-2,R060,C040","FTK.K101-2,R060,C050","FTK.K101-2,R070,C020","FTK.K101-2,R070,C030","FTK.K101-2,R070,C040","FTK.K101-2,R070,C050","FTK.K101-2,R080,C020","FTK.K101-2,R080,C030","FTK.K101-2,R080,C040","FTK.K101-2,R080,C050","FTK.K101-2,R090,C020","FTK.K101-2,R090,C030","FTK.K101-2,R090,C040","FTK.K101-2,R090,C050","FTK.K101-2,R100,C020","FTK.K101-2,R100,C030","FTK.K101-2,R100,C040","FTK.K101-2,R100,C050","FTK.K101-2,R110,C020","FTK.K101-2,R110,C030","FTK.K101-2,R110,C040","FTK.K101-2,R110,C050","FTK.K101-2,R120,C020","FTK.K101-2,R120,C030","FTK.K101-2,R120,C040","FTK.K101-2,R120,C050","FTK.K101-2,R130,C020","FTK.K101-2,R130,C030","FTK.K101-2,R130,C040","FTK.K101-2,R130,C050","FTK.K101-2,R140,C020","FTK.K101-2,R140,C030","FTK.K101-2,R140,C040","FTK.K101-2,R140,C050","FTK.K101-2,R150,C020","FTK.K101-2,R150,C030","FTK.K101-2,R150,C040","FTK.K101-2,R150,C050","FTK.K101-2,R160,C020","FTK.K101-2,R160,C030","FTK.K101-2,R160,C040","FTK.K101-2,R160,C050","FTK.K101-2,R170,C010"
LEGALIDENTIFIER20P32,2018-12-31,Standaard model,Daling,Daling,1078000.0,1079000.0,1080000.0,1081000.0,1082000.0,1083000.0,1084000.0,1085000.0,1086000.0,1087000.0,1088000.0,1089000.0,1090000.0,1091000.0,1092000.0,1093000.0,1094000.0,1095000.0,1096000.0,1097000.0,1098000.0,1099000.0,1100000.0,1101000.0,1102000.0,1103000.0,1104000.0,1105000.0,1106000.0,1107000.0,1108000.0,1109000.0,1110000.0,1111000.0,1112000.0,1113000.0,1114000.0,1115000.0,1116000.0,1117000.0,1118000.0,1119000.0,1120000.0,1121000.0,1122000.0,1123000.0,1124000.0,1125000.0,1126000.0,1127000.0,1128000.0,1129000.0,Text 49
