entity,period,"FTK.K050,R010,C010","FTK.K050,R020,C010","FTK.K050,R030,C010","FTK.K050,R040,C010","FTK.K050,R050,C010"
LEGALIDENTIFIER20P32,2018-12-31,Yes,Yes,Yes,Yes,Yes
