entity,period,"FTK.K207,R010,C010","FTK.K207,R020,C010","FTK.K207,R030,C010","FTK.K207,R040,C010","FTK.K207,R050,C010","FTK.K207,R060,C010","FTK.K207,R070,C010","FTK.K207,R080,C010","FTK.K207,R090,C010","FTK.K207,R100,C010","FTK.K207,R110,C010","FTK.K207,R120,C010"
LEGALIDENTIFIER20P32,2018-12-31,Text 8,Text 9,Text 10,Text 11,Text 12,Text 13,Text 14,Text 15,Text 16,Text 17,Text 18,Text 19
