entity,period,"K208A,010","K208A,020","FTK.K208A,C030","FTK.K208A,C040","FTK.K208A,C050","FTK.K208A,C060","FTK.K208A,C070","FTK.K208A,C080","FTK.K208A,C090","FTK.K208A,C100","FTK.K208A,C110","FTK.K208A,C120"
LEGALIDENTIFIER20P32,2018-12-31,1,Key 2,Defined benefit and Defined benefit part of Mixed,AFGHANISTAN,Text 20,0.24,1038000.0,Quoted market price in active markets for the same assets or liabilities,1039000.0,1040000.0,1041000.0,Collateral pledged [CP]
