entity,period,"FTK.K201-1,R010,C010","FTK.K201-1,R010,C020","FTK.K201-1,R010,C030","FTK.K201-1,R010,C040","FTK.K201-1,R010,C050","FTK.K201-1,R010,C060","FTK.K201-1,R010,C070","FTK.K201-1,R010,C080","FTK.K201-1,R020,C010","FTK.K201-1,R020,C020","FTK.K201-1,R020,C030","FTK.K201-1,R020,C040","FTK.K201-1,R020,C050","FTK.K201-1,R020,C060","FTK.K201-1,R020,C070","FTK.K201-1,R020,C080","FTK.K201-1,R030,C010","FTK.K201-1,R030,C020","FTK.K201-1,R030,C030","FTK.K201-1,R030,C040","FTK.K201-1,R030,C050","FTK.K201-1,R030,C060","FTK.K201-1,R030,C070","FTK.K201-1,R030,C080","FTK.K201-1,R040,C010","FTK.K201-1,R040,C020","FTK.K201-1,R040,C030","FTK.K201-1,R040,C040","FTK.K201-1,R040,C050","FTK.K201-1,R040,C060","FTK.K201-1,R040,C070","FTK.K201-1,R040,C080","FTK.K201-1,R050,C010","FTK.K201-1,R050,C020","FTK.K201-1,R050,C030","FTK.K201-1,R050,C040","FTK.K201-1,R050,C050","FTK.K201-1,R050,C060","FTK.K201-1,R050,C070","FTK.K201-1,R050,C080","FTK.K201-1,R060,C010","FTK.K201-1,R060,C020","FTK.K201-1,R060,C030","FTK.K201-1,R060,C040","FTK.K201-1,R060,C050","FTK.K201-1,R060,C060","FTK.K201-1,R060,C070","FTK.K201-1,R060,C080","FTK.K201-1,R070,C010","FTK.K201-1,R070,C020","FTK.K201-1,R070,C030","FTK.K201-1,R070,C040","FTK.K201-1,R070,C050","FTK.K201-1,R070,C060","FTK.K201-1,R070,C070","FTK.K201-1,R070,C080","FTK.K201-1,R080,C010","FTK.K201-1,R080,C020","FTK.K201-1,R080,C030","FTK.K201-1,R080,C040","FTK.K201-1,R080,C050","FTK.K201-1,R080,C060","FTK.K201-1,R080,C070","FTK.K201-1,R080,C080","FTK.K201-1,R090,C010","FTK.K201-1,R090,C020","FTK.K201-1,R090,C030","FTK.K201-1,R090,C040","FTK.K201-1,R090,C050","FTK.K201-1,R090,C060","FTK.K201-1,R090,C070","FTK.K201-1,R090,C080","FTK.K201-1,R100,C010","FTK.K201-1,R100,C020","FTK.K201-1,R100,C030","FTK.K201-1,R100,C040","FTK.K201-1,R100,C050","FTK.K201-1,R100,C060","FTK.K201-1,R100,C070","FTK.K201-1,R100,C080","FTK.K201-1,R110,C010","FTK.K201-1,R110,C020","FTK.K201-1,R110,C030","FTK.K201-1,R110,C040","FTK.K201-1,R110,C050","FTK.K201-1,R110,C060","FTK.K201-1,R110,C070","FTK.K201-1,R110,C080","FTK.K201-1,R120,C010","FTK.K201-1,R120,C020","FTK.K201-1,R120,C030","FTK.K201-1,R120,C040","FTK.K201-1,R120,C050","FTK.K201-1,R120,C060","FTK.K201-1,R120,C070","FTK.K201-1,R120,C080","FTK.K201-1,R121,C010","FTK.K201-1,R121,C020","FTK.K201-1,R121,C030","FTK.K201-1,R121,C040","FTK.K201-1,R121,C050","FTK.K201-1,R121,C060","FTK.K201-1,R121,C070","FTK.K201-1,R121,C080","FTK.K201-1,R122,C010","FTK.K201-1,R122,C020","FTK.K201-1,R122,C030","FTK.K201-1,R122,C040","FTK.K201-1,R122,C050","FTK.K201-1,R122,C060","FTK.K201-1,R122,C070","FTK.K201-1,R122,C080","FTK.K201-1,R130,C010","FTK.K201-1,R130,C020","FTK.K201-1,R130,C030","FTK.K201-1,R130,C040","FTK.K201-1,R130,C050","FTK.K201-1,R130,C060","FTK.K201-1,R130,C070","FTK.K201-1,R130,C080","FTK.K201-1,R131,C010","FTK.K201-1,R131,C020","FTK.K201-1,R131,C030","FTK.K201-1,R131,C040","FTK.K201-1,R131,C050","FTK.K201-1,R131,C060","FTK.K201-1,R131,C070","FTK.K201-1,R131,C080","FTK.K201-1,R132,C010","FTK.K201-1,R132,C020","FTK.K201-1,R132,C030","FTK.K201-1,R132,C040","FTK.K201-1,R132,C050","FTK.K201-1,R132,C060","FTK.K201-1,R132,C070","FTK.K201-1,R132,C080","FTK.K201-1,R140,C010","FTK.K201-1,R140,C020","FTK.K201-1,R140,C030","FTK.K201-1,R140,C040","FTK.K201-1,R140,C050","FTK.K201-1,R140,C060","FTK.K201-1,R140,C070","FTK.K201-1,R140,C080","FTK.K201-1,R150,C010","FTK.K201-1,R150,C020","FTK.K201-1,R150,C030","FTK.K201-1,R150,C040","FTK.K201-1,R150,C050","FTK.K201-1,R150,C060","FTK.K201-1,R150,C070","FTK.K201-1,R150,C080","FTK.K201-1,R160,C010","FTK.K201-1,R160,C020","FTK.K201-1,R160,C030","FTK.K201-1,R160,C040","FTK.K201-1,R160,C050","FTK.K201-1,R160,C060","FTK.K201-1,R160,C070","FTK.K201-1,R160,C080","FTK.K201-1,R170,C010","FTK.K201-1,R170,C020","FTK.K201-1,R170,C030","FTK.K201-1,R170,C040","FTK.K201-1,R170,C050","FTK.K201-1,R170,C060","FTK.K201-1,R170,C070","FTK.K201-1,R170,C080","FTK.K201-1,R180,C010","FTK.K201-1,R180,C020","FTK.K201-1,R180,C030","FTK.K201-1,R180,C040","FTK.K201-1,R180,C050","FTK.K201-1,R180,C060","FTK.K201-1,R180,C070","FTK.K201-1,R180,C080","FTK.K201-1,R190,C010","FTK.K201-1,R190,C020","FTK.K201-1,R190,C030","FTK.K201-1,R190,C040","FTK.K201-1,R190,C050","FTK.K201-1,R190,C060","FTK.K201-1,R190,C070","FTK.K201-1,R190,C080","FTK.K201-1,R200,C010","FTK.K201-1,R200,C020","FTK.K201-1,R200,C030","FTK.K201-1,R200,C040","FTK.K201-1,R200,C050","FTK.K201-1,R200,C060","FTK.K201-1,R200,C070","FTK.K201-1,R200,C080","FTK.K201-1,R210,C010","FTK.K201-1,R210,C020","FTK.K201-1,R210,C030","FTK.K201-1,R210,C040","FTK.K201-1,R210,C050","FTK.K201-1,R210,C060","FTK.K201-1,R210,C070","FTK.K201-1,R210,C080","FTK.K201-1,R220,C010","FTK.K201-1,R220,C020","FTK.K201-1,R220,C030","FTK.K201-1,R220,C040","FTK.K201-1,R220,C050","FTK.K201-1,R220,C060","FTK.K201-1,R220,C070","FTK.K201-1,R220,C080","FTK.K201-1,R230,C010","FTK.K201-1,R230,C020","FTK.K201-1,R230,C030","FTK.K201-1,R230,C040","FTK.K201-1,R230,C050","FTK.K201-1,R230,C060","FTK.K201-1,R230,C070","FTK.K201-1,R230,C080","FTK.K201-1,R240,C010","FTK.K201-1,R240,C020","FTK.K201-1,R240,C030","FTK.K201-1,R240,C040","FTK.K201-1,R240,C050","FTK.K201-1,R240,C060","FTK.K201-1,R240,C070","FTK.K201-1,R240,C080","FTK.K201-1,R250,C010","FTK.K201-1,R250,C020","FTK.K201-1,R250,C030","FTK.K201-1,R250,C040","FTK.K201-1,R250,C050","FTK.K201-1,R250,C060","FTK.K201-1,R250,C070","FTK.K201-1,R250,C080","FTK.K201-1,R260,C010","FTK.K201-1,R260,C020","FTK.K201-1,R260,C030","FTK.K201-1,R260,C040","FTK.K201-1,R260,C050","FTK.K201-1,R260,C060","FTK.K201-1,R260,C070","FTK.K201-1,R260,C080","FTK.K201-1,R270,C010","FTK.K201-1,R270,C020","FTK.K201-1,R270,C030","FTK.K201-1,R270,C040","FTK.K201-1,R270,C050","FTK.K201-1,R270,C060","FTK.K201-1,R270,C070","FTK.K201-1,R270,C080","FTK.K201-1,R280,C010","FTK.K201-1,R280,C020","FTK.K201-1,R280,C030","FTK.K201-1,R280,C040","FTK.K201-1,R280,C050","FTK.K201-1,R280,C060","FTK.K201-1,R280,C070","FTK.K201-1,R280,C080","FTK.K201-1,R290,C010","FTK.K201-1,R290,C020","FTK.K201-1,R290,C030","FTK.K201-1,R290,C040","FTK.K201-1,R290,C050","FTK.K201-1,R290,C060","FTK.K201-1,R290,C070","FTK.K201-1,R290,C080","FTK.K201-1,R300,C010","FTK.K201-1,R300,C020","FTK.K201-1,R300,C030","FTK.K201-1,R300,C040","FTK.K201-1,R300,C050","FTK.K201-1,R300,C060","FTK.K201-1,R300,C070","FTK.K201-1,R300,C080","FTK.K201-1,R310,C010","FTK.K201-1,R310,C020","FTK.K201-1,R310,C030","FTK.K201-1,R310,C040","FTK.K201-1,R310,C050","FTK.K201-1,R310,C060","FTK.K201-1,R310,C070","FTK.K201-1,R310,C080","FTK.K201-1,R320,C010","FTK.K201-1,R320,C020","FTK.K201-1,R320,C030","FTK.K201-1,R320,C040","FTK.K201-1,R320,C050","FTK.K201-1,R320,C060","FTK.K201-1,R320,C070","FTK.K201-1,R320,C080","FTK.K201-1,R330,C010","FTK.K201-1,R330,C020","FTK.K201-1,R330,C030","FTK.K201-1,R330,C040","FTK.K201-1,R330,C050","FTK.K201-1,R330,C060","FTK.K201-1,R330,C070","FTK.K201-1,R330,C080","FTK.K201-1,R340,C010","FTK.K201-1,R340,C020","FTK.K201-1,R340,C030","FTK.K201-1,R340,C040","FTK.K201-1,R340,C050","FTK.K201-1,R340,C060","FTK.K201-1,R340,C070","FTK.K201-1,R340,C080","FTK.K201-1,R350,C010","FTK.K201-1,R350,C020","FTK.K201-1,R350,C030","FTK.K201-1,R350,C040","FTK.K201-1,R350,C050","FTK.K201-1,R350,C060","FTK.K201-1,R350,C070","FTK.K201-1,R350,C080","FTK.K201-1,R360,C010","FTK.K201-1,R360,C020","FTK.K201-1,R360,C030","FTK.K201-1,R360,C040","FTK.K201-1,R360,C050","FTK.K201-1,R360,C060","FTK.K201-1,R360,C070","FTK.K201-1,R360,C080","FTK.K201-1,R370,C010","FTK.K201-1,R370,C020","FTK.K201-1,R370,C030","FTK.K201-1,R370,C040","FTK.K201-1,R370,C050","FTK.K201-1,R370,C060","FTK.K201-1,R370,C070","FTK.K201-1,R370,C080","FTK.K201-1,R380,C010","FTK.K201-1,R380,C020","FTK.K201-1,R380,C030","FTK.K201-1,R380,C040","FTK.K201-1,R380,C050","FTK.K201-1,R380,C060","FTK.K201-1,R380,C070","FTK.K201-1,R380,C080","FTK.K201-1,R390,C010","FTK.K201-1,R390,C020","FTK.K201-1,R390,C030","FTK.K201-1,R390,C040","FTK.K201-1,R390,C050","FTK.K201-1,R390,C060","FTK.K201-1,R390,C070","FTK.K201-1,R390,C080","FTK.K201-1,R400,C010","FTK.K201-1,R400,C020","FTK.K201-1,R400,C030","FTK.K201-1,R400,C040","FTK.K201-1,R400,C050","FTK.K201-1,R400,C060","FTK.K201-1,R400,C070","FTK.K201-1,R400,C080","FTK.K201-1,R410,C010","FTK.K201-1,R410,C020","FTK.K201-1,R410,C030","FTK.K201-1,R410,C040","FTK.K201-1,R410,C050","FTK.K201-1,R410,C060","FTK.K201-1,R410,C070","FTK.K201-1,R410,C080","FTK.K201-1,R420,C010","FTK.K201-1,R420,C020","FTK.K201-1,R420,C030","FTK.K201-1,R420,C040","FTK.K201-1,R420,C050","FTK.K201-1,R420,C060","FTK.K201-1,R420,C070","FTK.K201-1,R420,C080","FTK.K201-1,R430,C010","FTK.K201-1,R430,C020","FTK.K201-1,R430,C030","FTK.K201-1,R430,C040","FTK.K201-1,R430,C050","FTK.K201-1,R430,C060","FTK.K201-1,R430,C070","FTK.K201-1,R430,C080","FTK.K201-1,R440,C010","FTK.K201-1,R440,C020","FTK.K201-1,R440,C030","FTK.K201-1,R440,C040","FTK.K201-1,R440,C050","FTK.K201-1,R440,C060","FTK.K201-1,R440,C070","FTK.K201-1,R440,C080","FTK.K201-1,R450,C010","FTK.K201-1,R450,C020","FTK.K201-1,R450,C030","FTK.K201-1,R450,C040","FTK.K201-1,R450,C050","FTK.K201-1,R450,C060","FTK.K201-1,R450,C070","FTK.K201-1,R450,C080","FTK.K201-1,R460,C010","FTK.K201-1,R460,C020","FTK.K201-1,R460,C030","FTK.K201-1,R460,C040","FTK.K201-1,R460,C050","FTK.K201-1,R460,C060","FTK.K201-1,R460,C070","FTK.K201-1,R460,C080","FTK.K201-1,R470,C010","FTK.K201-1,R470,C020","FTK.K201-1,R470,C030","FTK.K201-1,R470,C040","FTK.K201-1,R470,C050","FTK.K201-1,R470,C060","FTK.K201-1,R470,C070","FTK.K201-1,R470,C080","FTK.K201-1,R480,C010","FTK.K201-1,R480,C020","FTK.K201-1,R480,C030","FTK.K201-1,R480,C040","FTK.K201-1,R480,C050","FTK.K201-1,R480,C060","FTK.K201-1,R480,C070","FTK.K201-1,R480,C080","FTK.K201-1,R490,C010","FTK.K201-1,R490,C020","FTK.K201-1,R490,C030","FTK.K201-1,R490,C040","FTK.K201-1,R490,C050","FTK.K201-1,R490,C060","FTK.K201-1,R490,C070","FTK.K201-1,R490,C080","FTK.K201-1,R500,C010","FTK.K201-1,R500,C020","FTK.K201-1,R500,C030","FTK.K201-1,R500,C040","FTK.K201-1,R500,C050","FTK.K201-1,R500,C060","FTK.K201-1,R500,C070","FTK.K201-1,R500,C080","FTK.K201-1,R510,C010","FTK.K201-1,R510,C020","FTK.K201-1,R510,C030","FTK.K201-1,R510,C040","FTK.K201-1,R510,C050","FTK.K201-1,R510,C060","FTK.K201-1,R510,C070","FTK.K201-1,R510,C080","FTK.K201-1,R520,C010","FTK.K201-1,R520,C020","FTK.K201-1,R520,C030","FTK.K201-1,R520,C040","FTK.K201-1,R520,C050","FTK.K201-1,R520,C060","FTK.K201-1,R520,C070","FTK.K201-1,R520,C080","FTK.K201-1,R530,C010","FTK.K201-1,R530,C020","FTK.K201-1,R530,C030","FTK.K201-1,R530,C040","FTK.K201-1,R530,C050","FTK.K201-1,R530,C060","FTK.K201-1,R530,C070","FTK.K201-1,R530,C080","FTK.K201-1,R540,C020","FTK.K201-1,R540,C030","FTK.K201-1,R540,C040","FTK.K201-1,R540,C050","FTK.K201-1,R540,C060","FTK.K201-1,R540,C070","FTK.K201-1,R540,C080","FTK.K201-1,R550,C010","FTK.K201-1,R550,C020","FTK.K201-1,R550,C030","FTK.K201-1,R550,C040","FTK.K201-1,R550,C050","FTK.K201-1,R550,C060","FTK.K201-1,R560,C010","FTK.K201-1,R560,C020","FTK.K201-1,R560,C030","FTK.K201-1,R560,C040","FTK.K201-1,R560,C050","FTK.K201-1,R570,C050","FTK.K201-1,R580,C050","FTK.K201-1,R590,C060","FTK.K201-1,R590,C070","FTK.K201-1,R590,C080","FTK.K201-1,R600,C090"
LEGALIDENTIFIER20P32,2018-12-31,5000.0,64000.0,124000.0,184000.0,0.0003,0.0065,0.0125,0.0184,6000.0,65000.0,125000.0,185000.0,0.0004,0.0066,0.0126,0.0185,7000.0,66000.0,126000.0,186000.0,0.0005,0.0067,0.0127,0.0186,8000.0,67000.0,127000.0,187000.0,0.0006,0.0068,0.0128,0.0187,9000.0,68000.0,128000.0,188000.0,0.0007,0.0069,0.0129,0.0188,10000.0,69000.0,129000.0,189000.0,0.0008,0.007,0.013,0.0189,11000.0,70000.0,130000.0,190000.0,0.0009,0.0071,0.0131,0.019,12000.0,71000.0,131000.0,191000.0,0.001,0.0072,0.0132,0.0191,13000.0,72000.0,132000.0,192000.0,0.0011,0.0073,0.0133,0.0192,14000.0,73000.0,133000.0,193000.0,0.0012,0.0074,0.0134,0.0193,15000.0,74000.0,134000.0,194000.0,0.0013,0.0075,0.0135,0.0194,16000.0,75000.0,135000.0,195000.0,0.0014,0.0076,0.0136,0.0195,17000.0,76000.0,136000.0,196000.0,0.0015,0.0077,0.0137,0.0196,18000.0,77000.0,137000.0,197000.0,0.0016,0.0078,0.0138,0.0197,19000.0,78000.0,138000.0,198000.0,0.0017,0.0079,0.0139,0.0198,20000.0,79000.0,139000.0,199000.0,0.0018,0.008,0.014,0.0199,21000.0,80000.0,140000.0,200000.0,0.0019,0.0081,0.0141,0.02,22000.0,81000.0,141000.0,201000.0,0.002,0.0082,0.0142,0.0201,23000.0,82000.0,142000.0,202000.0,0.0021,0.0083,0.0143,0.0202,24000.0,83000.0,143000.0,203000.0,0.0022,0.0084,0.0144,0.0203,25000.0,84000.0,144000.0,204000.0,0.0023,0.0085,0.0145,0.0204,26000.0,85000.0,145000.0,205000.0,0.0024,0.0086,0.0146,0.0205,27000.0,86000.0,146000.0,206000.0,0.0025,0.0087,0.0147,0.0206,28000.0,87000.0,147000.0,207000.0,0.0026,0.0088,0.0148,0.0207,29000.0,88000.0,148000.0,208000.0,0.0027,0.0089,0.0149,0.0208,30000.0,89000.0,149000.0,209000.0,0.0028,0.009,0.015,0.0209,31000.0,90000.0,150000.0,210000.0,0.0029,0.0091,0.0151,0.021,32000.0,91000.0,151000.0,211000.0,0.003,0.0092,0.0152,0.0211,33000.0,92000.0,152000.0,212000.0,0.0031,0.0093,0.0153,0.0212,34000.0,93000.0,153000.0,213000.0,0.0032,0.0094,0.0154,0.0213,35000.0,94000.0,154000.0,214000.0,0.0033,0.0095,0.0155,0.0214,36000.0,95000.0,155000.0,215000.0,0.0034,0.0096,0.0156,0.0215,37000.0,96000.0,156000.0,216000.0,0.0035,0.0097,0.0157,0.0216,38000.0,97000.0,157000.0,217000.0,0.0036,0.0098,0.0158,0.0217,39000.0,98000.0,158000.0,218000.0,0.0037,0.0099,0.0159,0.0218,40000.0,99000.0,159000.0,219000.0,0.0038,0.01,0.016,0.0219,41000.0,100000.0,160000.0,220000.0,0.0039,0.0101,0.0161,0.022,42000.0,101000.0,161000.0,221000.0,0.004,0.0102,0.0162,0.0221,43000.0,102000.0,162000.0,222000.0,0.0041,0.0103,0.0163,0.0222,44000.0,103000.0,163000.0,223000.0,0.0042,0.0104,0.0164,0.0223,45000.0,104000.0,164000.0,224000.0,0.0043,0.0105,0.0165,0.0224,46000.0,105000.0,165000.0,225000.0,0.0044,0.0106,0.0166,0.0225,47000.0,106000.0,166000.0,226000.0,0.0045,0.0107,0.0167,0.0226,48000.0,107000.0,167000.0,227000.0,0.0046,0.0108,0.0168,0.0227,49000.0,108000.0,168000.0,228000.0,0.0047,0.0109,0.0169,0.0228,50000.0,109000.0,169000.0,229000.0,0.0048,0.011,0.017,0.0229,51000.0,110000.0,170000.0,230000.0,0.0049,0.0111,0.0171,0.023,52000.0,111000.0,171000.0,231000.0,0.005,0.0112,0.0172,0.0231,53000.0,112000.0,172000.0,232000.0,0.0051,0.0113,0.0173,0.0232,54000.0,113000.0,173000.0,233000.0,0.0052,0.0114,0.0174,0.0233,55000.0,114000.0,174000.0,234000.0,0.0053,0.0115,0.0175,0.0234,56000.0,115000.0,175000.0,235000.0,0.0054,0.0116,0.0176,0.0235,57000.0,116000.0,176000.0,236000.0,0.0055,0.0117,0.0177,0.0236,58000.0,117000.0,177000.0,237000.0,0.0056,0.0118,0.0178,0.0237,59000.0,118000.0,178000.0,238000.0,0.0057,0.0119,0.0179,0.0238,60000.0,119000.0,179000.0,239000.0,0.0058,0.012,0.018,0.0239,61000.0,120000.0,180000.0,240000.0,0.0059,0.0121,0.0181,0.024,121000.0,181000.0,241000.0,0.006,0.0122,0.0182,0.0241,62000.0,122000.0,182000.0,242000.0,0.0061,0.0123,63000.0,123000.0,183000.0,243000.0,0.0062,0.0063,0.0064,0.0124,0.0183,0.0242,0.0243
