entity,period,"K210B,200","FTK.K210B,C210","FTK.K210B,C220","FTK.K210B,C230","FTK.K210B,C240","FTK.K210B,C250","FTK.K210B,C260","FTK.K210B,C270","FTK.K210B,C280","FTK.K210B,C290","FTK.K210B,C300","FTK.K210B,C310","FTK.K210B,C320","FTK.K210B,C330","FTK.K210B,C340"
LEGALIDENTIFIER20P32,2018-12-31,Key 10,Text 39,Text 40,Text 41,Euler Hermes Rating GmbH (LEI code: 391200QXGLWHK9VK6V27),Credit quality step 0,Text 42,Text 43,EUR,Text 44,Text 45,Bankruptcy of the underlying or reference entity [B],EUR,EUR,1903-12-31 00:00:00
