entity,period,"FTK.K203,R010,C010","FTK.K203,R010,C020","FTK.K203,R010,C030","FTK.K203,R010,C040","FTK.K203,R010,C050","FTK.K203,R010,C060","FTK.K203,R020,C010","FTK.K203,R020,C020","FTK.K203,R020,C030","FTK.K203,R020,C040","FTK.K203,R020,C050","FTK.K203,R020,C060","FTK.K203,R030,C010","FTK.K203,R030,C020","FTK.K203,R030,C030","FTK.K203,R030,C040","FTK.K203,R030,C050","FTK.K203,R030,C060","FTK.K203,R040,C010","FTK.K203,R040,C020","FTK.K203,R040,C030","FTK.K203,R040,C040","FTK.K203,R040,C050","FTK.K203,R040,C060","FTK.K203,R050,C010","FTK.K203,R050,C020","FTK.K203,R050,C030","FTK.K203,R050,C040","FTK.K203,R050,C050","FTK.K203,R050,C060","FTK.K203,R060,C010","FTK.K203,R060,C020","FTK.K203,R060,C030","FTK.K203,R060,C040","FTK.K203,R060,C050","FTK.K203,R060,C060","FTK.K203,R070,C010","FTK.K203,R070,C020","FTK.K203,R070,C030","FTK.K203,R070,C040","FTK.K203,R070,C050","FTK.K203,R070,C060","FTK.K203,R080,C010","FTK.K203,R080,C020","FTK.K203,R080,C030","FTK.K203,R080,C040","FTK.K203,R080,C050","FTK.K203,R080,C060","FTK.K203,R090,C010","FTK.K203,R090,C020","FTK.K203,R090,C030","FTK.K203,R090,C040","FTK.K203,R090,C050","FTK.K203,R090,C060","FTK.K203,R100,C010","FTK.K203,R100,C020","FTK.K203,R100,C030","FTK.K203,R100,C040","FTK.K203,R100,C050","FTK.K203,R100,C060","FTK.K203,R110,C010","FTK.K203,R110,C020","FTK.K203,R110,C030","FTK.K203,R110,C040","FTK.K203,R110,C050","FTK.K203,R110,C060","FTK.K203,R120,C010","FTK.K203,R120,C020","FTK.K203,R120,C030","FTK.K203,R120,C040","FTK.K203,R120,C050","FTK.K203,R120,C060","FTK.K203,R130,C010","FTK.K203,R130,C020","FTK.K203,R130,C030","FTK.K203,R130,C040","FTK.K203,R130,C050","FTK.K203,R130,C060","FTK.K203,R140,C010","FTK.K203,R140,C020","FTK.K203,R140,C030","FTK.K203,R140,C040","FTK.K203,R140,C050","FTK.K203,R140,C060","FTK.K203,R150,C010","FTK.K203,R150,C020","FTK.K203,R150,C030","FTK.K203,R150,C040","FTK.K203,R150,C050","FTK.K203,R150,C060","FTK.K203,R160,C010","FTK.K203,R160,C020","FTK.K203,R160,C030","FTK.K203,R160,C040","FTK.K203,R160,C050","FTK.K203,R160,C060","FTK.K203,R170,C010","FTK.K203,R170,C020","FTK.K203,R170,C030","FTK.K203,R170,C040","FTK.K203,R170,C050","FTK.K203,R170,C060","FTK.K203,R180,C010","FTK.K203,R180,C020","FTK.K203,R180,C030","FTK.K203,R180,C040","FTK.K203,R180,C050","FTK.K203,R180,C060","FTK.K203,R190,C010","FTK.K203,R190,C020","FTK.K203,R190,C030","FTK.K203,R190,C040","FTK.K203,R190,C050","FTK.K203,R190,C060","FTK.K203,R200,C010","FTK.K203,R200,C020","FTK.K203,R200,C030","FTK.K203,R200,C040","FTK.K203,R200,C050","FTK.K203,R200,C060","FTK.K203,R210,C010","FTK.K203,R210,C020","FTK.K203,R210,C030","FTK.K203,R210,C040","FTK.K203,R210,C050","FTK.K203,R210,C060","FTK.K203,R220,C010","FTK.K203,R220,C020","FTK.K203,R220,C030","FTK.K203,R220,C040","FTK.K203,R220,C050","FTK.K203,R220,C060","FTK.K203,R230,C010","FTK.K203,R230,C020","FTK.K203,R230,C030","FTK.K203,R230,C040","FTK.K203,R230,C050","FTK.K203,R230,C060","FTK.K203,R240,C010","FTK.K203,R240,C020","FTK.K203,R240,C030","FTK.K203,R240,C040","FTK.K203,R240,C050","FTK.K203,R240,C060","FTK.K203,R250,C010","FTK.K203,R250,C020","FTK.K203,R250,C030","FTK.K203,R250,C040","FTK.K203,R250,C050","FTK.K203,R250,C060","FTK.K203,R260,C010","FTK.K203,R260,C020","FTK.K203,R260,C030","FTK.K203,R260,C040","FTK.K203,R260,C050","FTK.K203,R260,C060","FTK.K203,R270,C010","FTK.K203,R270,C020","FTK.K203,R270,C030","FTK.K203,R270,C040","FTK.K203,R270,C050","FTK.K203,R270,C060","FTK.K203,R270,C070","FTK.K203,R280,C070","FTK.K203,R290,C070","FTK.K203,R300,C070"
LEGALIDENTIFIER20P32,2018-12-31,314000.0,315000.0,316000.0,317000.0,318000.0,319000.0,320000.0,321000.0,322000.0,323000.0,324000.0,325000.0,326000.0,327000.0,328000.0,329000.0,330000.0,331000.0,332000.0,333000.0,334000.0,335000.0,336000.0,337000.0,338000.0,339000.0,340000.0,341000.0,342000.0,343000.0,344000.0,345000.0,346000.0,347000.0,348000.0,349000.0,350000.0,351000.0,352000.0,353000.0,354000.0,355000.0,356000.0,357000.0,358000.0,359000.0,360000.0,361000.0,362000.0,363000.0,364000.0,365000.0,366000.0,367000.0,368000.0,369000.0,370000.0,371000.0,372000.0,373000.0,374000.0,375000.0,376000.0,377000.0,378000.0,379000.0,380000.0,381000.0,382000.0,383000.0,384000.0,385000.0,386000.0,387000.0,388000.0,389000.0,390000.0,391000.0,392000.0,393000.0,394000.0,395000.0,396000.0,397000.0,398000.0,399000.0,400000.0,401000.0,402000.0,403000.0,404000.0,405000.0,406000.0,407000.0,408000.0,409000.0,410000.0,411000.0,412000.0,413000.0,414000.0,415000.0,416000.0,417000.0,418000.0,419000.0,420000.0,421000.0,422000.0,423000.0,424000.0,425000.0,426000.0,427000.0,428000.0,429000.0,430000.0,431000.0,432000.0,433000.0,434000.0,435000.0,436000.0,437000.0,438000.0,439000.0,440000.0,441000.0,442000.0,443000.0,444000.0,445000.0,446000.0,447000.0,448000.0,449000.0,450000.0,451000.0,452000.0,453000.0,454000.0,455000.0,456000.0,457000.0,458000.0,459000.0,460000.0,461000.0,462000.0,463000.0,464000.0,465000.0,466000.0,467000.0,468000.0,469000.0,0.01,0.02,0.03,0.04,0.05,0.06,0.07,0.08,0.09,0.1
