entity,period,"K210A,010","K210A,020","FTK.K210A,C030","FTK.K210A,C040","FTK.K210A,C050","FTK.K210A,C060","FTK.K210A,C070","FTK.K210A,C080","FTK.K210A,C090","FTK.K210A,C100","FTK.K210A,C110","FTK.K210A,C120","FTK.K210A,C130","FTK.K210A,C140","FTK.K210A,C150","FTK.K210A,C160","FTK.K210A,C170","FTK.K210A,C180","FTK.K210A,C190"
LEGALIDENTIFIER20P32,2018-12-31,8,Key 9,Defined benefit and Defined benefit part of Mixed,Text 38,Micro hedge [MI],0.28,1048000.0,Open,1049000.0,1050000.0,1.0,1051000.0,1052000.0,1053000.0,1054000.0,1902-12-31 00:00:00,0.29,1055000.0,Quoted market price in active markets for the same assets or liabilities
