entity,period,"FTK.K205,R010,C010","FTK.K205,R010,C020","FTK.K205,R010,C030","FTK.K205,R010,C040","FTK.K205,R010,C050","FTK.K205,R010,C060","FTK.K205,R020,C010","FTK.K205,R020,C020","FTK.K205,R020,C030","FTK.K205,R020,C040","FTK.K205,R020,C050","FTK.K205,R020,C060","FTK.K205,R030,C010","FTK.K205,R030,C020","FTK.K205,R030,C030","FTK.K205,R030,C040","FTK.K205,R030,C050","FTK.K205,R030,C060","FTK.K205,R040,C010","FTK.K205,R040,C020","FTK.K205,R040,C030","FTK.K205,R040,C040","FTK.K205,R040,C050","FTK.K205,R040,C060","FTK.K205,R050,C010","FTK.K205,R050,C020","FTK.K205,R050,C030","FTK.K205,R050,C040","FTK.K205,R050,C050","FTK.K205,R050,C060","FTK.K205,R060,C010","FTK.K205,R060,C020","FTK.K205,R060,C030","FTK.K205,R060,C040","FTK.K205,R060,C050","FTK.K205,R060,C060","FTK.K205,R070,C010","FTK.K205,R070,C020","FTK.K205,R070,C030","FTK.K205,R070,C040","FTK.K205,R070,C050","FTK.K205,R070,C060","FTK.K205,R090,C010","FTK.K205,R090,C020","FTK.K205,R090,C040","FTK.K205,R090,C050","FTK.K205,R100,C020","FTK.K205,R100,C030","FTK.K205,R100,C050","FTK.K205,R100,C060","FTK.K205,R110,C010","FTK.K205,R110,C040","FTK.K205,R120,C010","FTK.K205,R120,C040","FTK.K205,R130,C010","FTK.K205,R130,C040","FTK.K205,R140,C010","FTK.K205,R140,C040","FTK.K205,R150,C010","FTK.K205,R150,C040","FTK.K205,R160,C010","FTK.K205,R160,C040","FTK.K205,R170,C010","FTK.K205,R170,C040","FTK.K205,R180,C010","FTK.K205,R180,C040"
LEGALIDENTIFIER20P32,2018-12-31,0.0249,0.0265,0.0274,0.0282,0.0298,0.0307,0.025,0.0266,0.0275,0.0283,0.0299,0.0308,0.0251,0.0267,0.0276,0.0284,0.03,0.0309,0.0252,0.0268,0.0277,0.0285,0.0301,0.031,0.0253,0.0269,0.0278,0.0286,0.0302,0.0311,0.0254,0.027,0.0279,0.0287,0.0303,0.0312,0.0255,0.0271,0.028,0.0288,0.0304,0.0313,0.0256,0.0272,0.0289,0.0305,0.0273,0.0281,0.0306,0.0314,0.0257,0.029,0.0258,0.0291,0.0259,0.0292,0.026,0.0293,0.0261,0.0294,0.0262,0.0295,0.0263,0.0296,0.0264,0.0297
