entity,period,"S.01.01.02.01,R0010,C0010","S.01.01.02.01,R0030,C0010","S.01.01.02.01,R0110,C0010","S.01.01.02.01,R0140,C0010","S.01.01.02.01,R0150,C0010","S.01.01.02.01,R0170,C0010","S.01.01.02.01,R0180,C0010","S.01.01.02.01,R0220,C0010","S.01.01.02.01,R0290,C0010","S.01.01.02.01,R0410,C0010","S.01.01.02.01,R0580,C0010","S.01.01.02.01,R0590,C0010"
0LFF1WMNTWG5PTIYYI38,2019-12-31,Reported,Exempted under Article 35 (6) to (8),Exempted under Article 35 (6) to (8),Not due annually as reported for Quarter 4,Reported,Not reported other reason,Not reported o/a no derivative transactions,Reported,Exempted under Article 35 (6) to (8),Reported,Not reported other reason,Not reported as only life or only non-life insurance or reinsurance activity or only reinsurance activity
