entity,period,"S.01.02.01.01,R0010,C0010","S.01.02.01.01,R0020,C0010","S.01.02.01.01,R0040,C0010","S.01.02.01.01,R0050,C0010","S.01.02.01.01,R0070,C0010","S.01.02.01.01,R0080,C0010","S.01.02.01.01,R0081,C0010","S.01.02.01.01,R0090,C0010","S.01.02.01.01,R0100,C0010","S.01.02.01.01,R0110,C0010","S.01.02.01.01,R0120,C0010","S.01.02.01.01,R0130,C0010","S.01.02.01.01,R0140,C0010","S.01.02.01.01,R0150,C0010","S.01.02.01.01,R0170,C0010","S.01.02.01.01,R0180,C0010","S.01.02.01.01,R0190,C0010","S.01.02.01.01,R0200,C0010","S.01.02.01.01,R0210,C0010","S.01.02.01.01,R0250,C0010","S.01.02.01.01,R0990,C0010","S.01.02.01.01,R0991,C0010","S.01.02.01.01,R0992,C0010"
0LFF1WMNTWG5PTIYYI38,2019-12-31,ahxypg xg uixn bl,yfyt nb cjcp xu,Reinsurance undertakings,MARTINIQUE,Serbo-Croatian,2012-10-09 00:00:00,2020-08-05 00:00:00,2017-12-04 00:00:00,Re-submission of S.30 templates in accordance with instructions of the template,MKD,IFRS,Full internal model,Use of undertaking specific parameters,Not reporting activity by RFF,No use of matching adjustment,Use of volatility adjustment,Use of transitional measure on the risk-free interest rate,No use of transitional measure on technical provisions,Re-submission,Exempted for assets (based on article 35(6) and (7)),qp ttiz dk,tqwatk lr,ejfd xq my qhuq
