entity,period,"S.02.01.02.01,R0030,C0010","S.02.01.02.01,R0040,C0010","S.02.01.02.01,R0050,C0010","S.02.01.02.01,R0060,C0010","S.02.01.02.01,R0070,C0010","S.02.01.02.01,R0080,C0010","S.02.01.02.01,R0090,C0010","S.02.01.02.01,R0100,C0010","S.02.01.02.01,R0110,C0010","S.02.01.02.01,R0120,C0010","S.02.01.02.01,R0130,C0010","S.02.01.02.01,R0140,C0010","S.02.01.02.01,R0150,C0010","S.02.01.02.01,R0160,C0010","S.02.01.02.01,R0170,C0010","S.02.01.02.01,R0180,C0010","S.02.01.02.01,R0190,C0010","S.02.01.02.01,R0200,C0010","S.02.01.02.01,R0210,C0010","S.02.01.02.01,R0220,C0010","S.02.01.02.01,R0230,C0010","S.02.01.02.01,R0240,C0010","S.02.01.02.01,R0250,C0010","S.02.01.02.01,R0260,C0010","S.02.01.02.01,R0270,C0010","S.02.01.02.01,R0280,C0010","S.02.01.02.01,R0290,C0010","S.02.01.02.01,R0300,C0010","S.02.01.02.01,R0310,C0010","S.02.01.02.01,R0320,C0010","S.02.01.02.01,R0330,C0010","S.02.01.02.01,R0340,C0010","S.02.01.02.01,R0350,C0010","S.02.01.02.01,R0360,C0010","S.02.01.02.01,R0370,C0010","S.02.01.02.01,R0380,C0010","S.02.01.02.01,R0390,C0010","S.02.01.02.01,R0400,C0010","S.02.01.02.01,R0410,C0010","S.02.01.02.01,R0420,C0010","S.02.01.02.01,R0500,C0010","S.02.01.02.01,R0510,C0010","S.02.01.02.01,R0520,C0010","S.02.01.02.01,R0530,C0010","S.02.01.02.01,R0540,C0010","S.02.01.02.01,R0550,C0010","S.02.01.02.01,R0560,C0010","S.02.01.02.01,R0570,C0010","S.02.01.02.01,R0580,C0010","S.02.01.02.01,R0590,C0010","S.02.01.02.01,R0600,C0010","S.02.01.02.01,R0610,C0010","S.02.01.02.01,R0620,C0010","S.02.01.02.01,R0630,C0010","S.02.01.02.01,R0640,C0010","S.02.01.02.01,R0650,C0010","S.02.01.02.01,R0660,C0010","S.02.01.02.01,R0670,C0010","S.02.01.02.01,R0680,C0010","S.02.01.02.01,R0690,C0010","S.02.01.02.01,R0700,C0010","S.02.01.02.01,R0710,C0010","S.02.01.02.01,R0720,C0010","S.02.01.02.01,R0740,C0010","S.02.01.02.01,R0750,C0010","S.02.01.02.01,R0760,C0010","S.02.01.02.01,R0770,C0010","S.02.01.02.01,R0780,C0010","S.02.01.02.01,R0790,C0010","S.02.01.02.01,R0800,C0010","S.02.01.02.01,R0810,C0010","S.02.01.02.01,R0820,C0010","S.02.01.02.01,R0830,C0010","S.02.01.02.01,R0840,C0010","S.02.01.02.01,R0850,C0010","S.02.01.02.01,R0860,C0010","S.02.01.02.01,R0870,C0010","S.02.01.02.01,R0880,C0010","S.02.01.02.01,R0900,C0010","S.02.01.02.01,R1000,C0010"
0LFF1WMNTWG5PTIYYI38,2019-12-31,513228409.32,816313543.58,738539746.57,500293694.25,88754986.46,368543097.48,720129062.14,918751053.24,24250408.64,50293001.2,487668541.62,797331442.65,846197587.68,987037143.58,436889055.08,764440703.45,665798558.5,575315424.12,303819776.36,676985469.62,93990281.0,37409544.28,880597608.38,659663769.73,972818622.45,993047300.1,30994826.29,784104399.19,705875169.56,26377452.36,594197831.39,61859177.34,570391638.21,325176895.36,23387876.5,376986274.31,308741352.03,127620070.03,844514424.54,505708724.52,650692741.99,58071844.94,481793210.02,400156218.66,847211430.97,164471420.02,136650129.37,232084046.1,977524319.04,695109577.9,592742187.0,683920894.64,156537220.76,820076493.67,516483463.18,641163639.33,436686515.34,858701953.49,400430203.71,370406105.97,450941592.72,514218444.74,676124070.43,808764714.88,223314883.87,982799271.21,391269289.7,131642662.01,691228699.71,32322741.37,812107597.67,536118915.64,595347905.61,924563631.74,313299361.1,907962971.54,685882023.47,414430395.17,348842162.46,686084250.33
