entity,period,"S.05.01.02.01,R0110,C0010","S.05.01.02.01,R0110,C0020","S.05.01.02.01,R0110,C0030","S.05.01.02.01,R0110,C0040","S.05.01.02.01,R0110,C0050","S.05.01.02.01,R0110,C0060","S.05.01.02.01,R0110,C0070","S.05.01.02.01,R0110,C0080","S.05.01.02.01,R0110,C0090","S.05.01.02.01,R0110,C0100","S.05.01.02.01,R0110,C0110","S.05.01.02.01,R0110,C0120","S.05.01.02.01,R0110,C0200","S.05.01.02.01,R0120,C0010","S.05.01.02.01,R0120,C0020","S.05.01.02.01,R0120,C0030","S.05.01.02.01,R0120,C0040","S.05.01.02.01,R0120,C0050","S.05.01.02.01,R0120,C0060","S.05.01.02.01,R0120,C0070","S.05.01.02.01,R0120,C0080","S.05.01.02.01,R0120,C0090","S.05.01.02.01,R0120,C0100","S.05.01.02.01,R0120,C0110","S.05.01.02.01,R0120,C0120","S.05.01.02.01,R0120,C0200","S.05.01.02.01,R0130,C0130","S.05.01.02.01,R0130,C0140","S.05.01.02.01,R0130,C0150","S.05.01.02.01,R0130,C0160","S.05.01.02.01,R0130,C0200","S.05.01.02.01,R0140,C0010","S.05.01.02.01,R0140,C0020","S.05.01.02.01,R0140,C0030","S.05.01.02.01,R0140,C0040","S.05.01.02.01,R0140,C0050","S.05.01.02.01,R0140,C0060","S.05.01.02.01,R0140,C0070","S.05.01.02.01,R0140,C0080","S.05.01.02.01,R0140,C0090","S.05.01.02.01,R0140,C0100","S.05.01.02.01,R0140,C0110","S.05.01.02.01,R0140,C0120","S.05.01.02.01,R0140,C0130","S.05.01.02.01,R0140,C0140","S.05.01.02.01,R0140,C0150","S.05.01.02.01,R0140,C0160","S.05.01.02.01,R0140,C0200","S.05.01.02.01,R0200,C0010","S.05.01.02.01,R0200,C0020","S.05.01.02.01,R0200,C0030","S.05.01.02.01,R0200,C0040","S.05.01.02.01,R0200,C0050","S.05.01.02.01,R0200,C0060","S.05.01.02.01,R0200,C0070","S.05.01.02.01,R0200,C0080","S.05.01.02.01,R0200,C0090","S.05.01.02.01,R0200,C0100","S.05.01.02.01,R0200,C0110","S.05.01.02.01,R0200,C0120","S.05.01.02.01,R0200,C0130","S.05.01.02.01,R0200,C0140","S.05.01.02.01,R0200,C0150","S.05.01.02.01,R0200,C0160","S.05.01.02.01,R0200,C0200","S.05.01.02.01,R0210,C0010","S.05.01.02.01,R0210,C0020","S.05.01.02.01,R0210,C0030","S.05.01.02.01,R0210,C0040","S.05.01.02.01,R0210,C0050","S.05.01.02.01,R0210,C0060","S.05.01.02.01,R0210,C0070","S.05.01.02.01,R0210,C0080","S.05.01.02.01,R0210,C0090","S.05.01.02.01,R0210,C0100","S.05.01.02.01,R0210,C0110","S.05.01.02.01,R0210,C0120","S.05.01.02.01,R0210,C0200","S.05.01.02.01,R0220,C0010","S.05.01.02.01,R0220,C0020","S.05.01.02.01,R0220,C0030","S.05.01.02.01,R0220,C0040","S.05.01.02.01,R0220,C0050","S.05.01.02.01,R0220,C0060","S.05.01.02.01,R0220,C0070","S.05.01.02.01,R0220,C0080","S.05.01.02.01,R0220,C0090","S.05.01.02.01,R0220,C0100","S.05.01.02.01,R0220,C0110","S.05.01.02.01,R0220,C0120","S.05.01.02.01,R0220,C0200","S.05.01.02.01,R0230,C0130","S.05.01.02.01,R0230,C0140","S.05.01.02.01,R0230,C0150","S.05.01.02.01,R0230,C0160","S.05.01.02.01,R0230,C0200","S.05.01.02.01,R0240,C0010","S.05.01.02.01,R0240,C0020","S.05.01.02.01,R0240,C0030","S.05.01.02.01,R0240,C0040","S.05.01.02.01,R0240,C0050","S.05.01.02.01,R0240,C0060","S.05.01.02.01,R0240,C0070","S.05.01.02.01,R0240,C0080","S.05.01.02.01,R0240,C0090","S.05.01.02.01,R0240,C0100","S.05.01.02.01,R0240,C0110","S.05.01.02.01,R0240,C0120","S.05.01.02.01,R0240,C0130","S.05.01.02.01,R0240,C0140","S.05.01.02.01,R0240,C0150","S.05.01.02.01,R0240,C0160","S.05.01.02.01,R0240,C0200","S.05.01.02.01,R0300,C0010","S.05.01.02.01,R0300,C0020","S.05.01.02.01,R0300,C0030","S.05.01.02.01,R0300,C0040","S.05.01.02.01,R0300,C0050","S.05.01.02.01,R0300,C0060","S.05.01.02.01,R0300,C0070","S.05.01.02.01,R0300,C0080","S.05.01.02.01,R0300,C0090","S.05.01.02.01,R0300,C0100","S.05.01.02.01,R0300,C0110","S.05.01.02.01,R0300,C0120","S.05.01.02.01,R0300,C0130","S.05.01.02.01,R0300,C0140","S.05.01.02.01,R0300,C0150","S.05.01.02.01,R0300,C0160","S.05.01.02.01,R0300,C0200","S.05.01.02.01,R0310,C0010","S.05.01.02.01,R0310,C0020","S.05.01.02.01,R0310,C0030","S.05.01.02.01,R0310,C0040","S.05.01.02.01,R0310,C0050","S.05.01.02.01,R0310,C0060","S.05.01.02.01,R0310,C0070","S.05.01.02.01,R0310,C0080","S.05.01.02.01,R0310,C0090","S.05.01.02.01,R0310,C0100","S.05.01.02.01,R0310,C0110","S.05.01.02.01,R0310,C0120","S.05.01.02.01,R0310,C0200","S.05.01.02.01,R0320,C0010","S.05.01.02.01,R0320,C0020","S.05.01.02.01,R0320,C0030","S.05.01.02.01,R0320,C0040","S.05.01.02.01,R0320,C0050","S.05.01.02.01,R0320,C0060","S.05.01.02.01,R0320,C0070","S.05.01.02.01,R0320,C0080","S.05.01.02.01,R0320,C0090","S.05.01.02.01,R0320,C0100","S.05.01.02.01,R0320,C0110","S.05.01.02.01,R0320,C0120","S.05.01.02.01,R0320,C0200","S.05.01.02.01,R0330,C0130","S.05.01.02.01,R0330,C0140","S.05.01.02.01,R0330,C0150","S.05.01.02.01,R0330,C0160","S.05.01.02.01,R0330,C0200","S.05.01.02.01,R0340,C0010","S.05.01.02.01,R0340,C0020","S.05.01.02.01,R0340,C0030","S.05.01.02.01,R0340,C0040","S.05.01.02.01,R0340,C0050","S.05.01.02.01,R0340,C0060","S.05.01.02.01,R0340,C0070","S.05.01.02.01,R0340,C0080","S.05.01.02.01,R0340,C0090","S.05.01.02.01,R0340,C0100","S.05.01.02.01,R0340,C0110","S.05.01.02.01,R0340,C0120","S.05.01.02.01,R0340,C0130","S.05.01.02.01,R0340,C0140","S.05.01.02.01,R0340,C0150","S.05.01.02.01,R0340,C0160","S.05.01.02.01,R0340,C0200","S.05.01.02.01,R0400,C0010","S.05.01.02.01,R0400,C0020","S.05.01.02.01,R0400,C0030","S.05.01.02.01,R0400,C0040","S.05.01.02.01,R0400,C0050","S.05.01.02.01,R0400,C0060","S.05.01.02.01,R0400,C0070","S.05.01.02.01,R0400,C0080","S.05.01.02.01,R0400,C0090","S.05.01.02.01,R0400,C0100","S.05.01.02.01,R0400,C0110","S.05.01.02.01,R0400,C0120","S.05.01.02.01,R0400,C0130","S.05.01.02.01,R0400,C0140","S.05.01.02.01,R0400,C0150","S.05.01.02.01,R0400,C0160","S.05.01.02.01,R0400,C0200","S.05.01.02.01,R0410,C0010","S.05.01.02.01,R0410,C0020","S.05.01.02.01,R0410,C0030","S.05.01.02.01,R0410,C0040","S.05.01.02.01,R0410,C0050","S.05.01.02.01,R0410,C0060","S.05.01.02.01,R0410,C0070","S.05.01.02.01,R0410,C0080","S.05.01.02.01,R0410,C0090","S.05.01.02.01,R0410,C0100","S.05.01.02.01,R0410,C0110","S.05.01.02.01,R0410,C0120","S.05.01.02.01,R0410,C0200","S.05.01.02.01,R0420,C0010","S.05.01.02.01,R0420,C0020","S.05.01.02.01,R0420,C0030","S.05.01.02.01,R0420,C0040","S.05.01.02.01,R0420,C0050","S.05.01.02.01,R0420,C0060","S.05.01.02.01,R0420,C0070","S.05.01.02.01,R0420,C0080","S.05.01.02.01,R0420,C0090","S.05.01.02.01,R0420,C0100","S.05.01.02.01,R0420,C0110","S.05.01.02.01,R0420,C0120","S.05.01.02.01,R0420,C0200","S.05.01.02.01,R0430,C0130","S.05.01.02.01,R0430,C0140","S.05.01.02.01,R0430,C0150","S.05.01.02.01,R0430,C0160","S.05.01.02.01,R0430,C0200","S.05.01.02.01,R0440,C0010","S.05.01.02.01,R0440,C0020","S.05.01.02.01,R0440,C0030","S.05.01.02.01,R0440,C0040","S.05.01.02.01,R0440,C0050","S.05.01.02.01,R0440,C0060","S.05.01.02.01,R0440,C0070","S.05.01.02.01,R0440,C0080","S.05.01.02.01,R0440,C0090","S.05.01.02.01,R0440,C0100","S.05.01.02.01,R0440,C0110","S.05.01.02.01,R0440,C0120","S.05.01.02.01,R0440,C0130","S.05.01.02.01,R0440,C0140","S.05.01.02.01,R0440,C0150","S.05.01.02.01,R0440,C0160","S.05.01.02.01,R0440,C0200","S.05.01.02.01,R0500,C0010","S.05.01.02.01,R0500,C0020","S.05.01.02.01,R0500,C0030","S.05.01.02.01,R0500,C0040","S.05.01.02.01,R0500,C0050","S.05.01.02.01,R0500,C0060","S.05.01.02.01,R0500,C0070","S.05.01.02.01,R0500,C0080","S.05.01.02.01,R0500,C0090","S.05.01.02.01,R0500,C0100","S.05.01.02.01,R0500,C0110","S.05.01.02.01,R0500,C0120","S.05.01.02.01,R0500,C0130","S.05.01.02.01,R0500,C0140","S.05.01.02.01,R0500,C0150","S.05.01.02.01,R0500,C0160","S.05.01.02.01,R0500,C0200","S.05.01.02.01,R0550,C0010","S.05.01.02.01,R0550,C0020","S.05.01.02.01,R0550,C0030","S.05.01.02.01,R0550,C0040","S.05.01.02.01,R0550,C0050","S.05.01.02.01,R0550,C0060","S.05.01.02.01,R0550,C0070","S.05.01.02.01,R0550,C0080","S.05.01.02.01,R0550,C0090","S.05.01.02.01,R0550,C0100","S.05.01.02.01,R0550,C0110","S.05.01.02.01,R0550,C0120","S.05.01.02.01,R0550,C0130","S.05.01.02.01,R0550,C0140","S.05.01.02.01,R0550,C0150","S.05.01.02.01,R0550,C0160","S.05.01.02.01,R0550,C0200","S.05.01.02.01,R1200,C0200","S.05.01.02.01,R1300,C0200"
0LFF1WMNTWG5PTIYYI38,2019-12-31,152945460.23,230134597.93,254141967.3,272539527.28,5054039.55,597879802.45,828357880.73,496303976.59,315402858.54,124968397.69,124887860.18,671769981.8,838522076.03,927869296.98,316107394.79,586317322.29,193641620.55,92104180.36,387278477.61,795025389.48,678886511.12,791729269.35,515944526.29,190184138.7,73996436.32,564785654.65,439553138.44,558705337.47,57348367.04,505819835.53,34636263.1,432735165.64,739960619.33,369427672.77,919842450.23,113034822.97,426603260.0,465019476.26,889709138.52,411243624.81,696216100.96,14188553.94,562912424.12,394365442.34,31211270.06,756598323.27,643685649.45,58000430.47,993015310.48,674801553.68,840870864.03,481784146.34,553804661.77,548955051.24,288409362.59,68587891.14,928410378.72,428287319.24,96521772.0,569912518.91,794057560.02,864234088.25,751874064.74,914103175.71,492100929.04,941869289.66,17442672.12,113938726.41,293816557.19,310931301.82,587159177.31,482066217.53,455856042.26,139855349.16,69499685.61,57378407.63,591633297.53,990895443.24,196207118.38,11433983.03,876747390.69,887693738.96,768373788.03,915970878.79,204847056.38,383266130.55,843717164.27,667721068.68,757503235.43,80578570.9,244613330.27,792453249.28,259027004.45,980651557.31,888357166.23,552941130.27,369786265.36,245928527.63,349217013.27,491606184.28,590712482.22,223964397.86,608137566.6,562433236.4,195650239.59,568764410.07,831016231.34,534264343.43,903299492.94,407533087.57,248751253.03,523185518.92,305717925.77,574043979.3,712169556.28,19944794.98,924645966.89,289038142.12,257949697.1,931317225.96,662641175.99,612053961.21,571939992.38,451127633.57,519322756.67,115670250.48,269680056.27,220999998.42,734520080.3,598834831.67,320026354.89,46053138.3,690987781.67,411868692.01,22359378.16,161925066.28,504633559.96,183761249.58,312994663.42,390620916.14,913551420.25,194822315.66,593091965.88,55560648.7,448804050.34,836061861.32,826358958.53,308404688.85,36335980.05,373855620.86,39587683.38,966543338.47,685941562.06,840106905.4,149631463.62,279080461.24,828887955.69,118407416.59,198549403.7,955083597.18,290873965.22,743827199.85,357169546.01,76297137.93,322781187.55,483350810.7,572001291.26,226516413.81,832413937.84,594476119.37,241259088.64,181582876.81,651407589.2,892119727.78,992099452.41,915739456.23,201934588.62,369317612.52,267715231.07,376435086.18,183260615.82,943677134.36,313071335.97,778050610.34,949907257.68,683349088.88,378533280.55,42956659.97,150527331.64,866201344.42,883464339.07,333172969.33,336096572.81,556790834.16,818981905.49,24082774.69,678150136.59,606702996.6,264307561.26,621450983.92,163068466.83,901883169.43,986567903.2,735382240.84,157270531.78,888841622.78,304219407.73,385408399.53,333238902.6,218340415.81,965164145.37,963141586.33,899380872.57,773466184.92,974327358.36,582460892.23,814366556.38,226853946.34,933386121.07,395410727.05,437961281.05,899841907.8,78201145.41,890347967.59,493077992.14,138377482.99,296668712.23,835539291.44,388373131.53,893514255.47,530707453.67,612935649.44,115852019.6,224546873.33,989119868.81,542940098.19,306318659.68,710491942.62,653347031.43,586194573.19,445923887.5,311160547.06,223328606.66,525951290.67,863533218.13,12505222.13,889335721.65,555432950.85,910190812.43,452049977.3,582889186.3,840270484.37,739615641.46,594739490.11,175232285.19,180796248.86,991509576.84,862146327.39,489138778.39,698413329.23,503392061.66,250250398.48,960008884.46,735035773.55,842427963.64,114019583.16,959380585.71,166932774.92,972722380.15,472706170.41,808398336.04,417983072.67,358211600.98,972906074.05,528640658.02,185876896.48,771780647.23,784074339.85,113911675.38
