entity,period,"S.05.01.02.02,R1410,C0210","S.05.01.02.02,R1410,C0220","S.05.01.02.02,R1410,C0230","S.05.01.02.02,R1410,C0240","S.05.01.02.02,R1410,C0250","S.05.01.02.02,R1410,C0260","S.05.01.02.02,R1410,C0270","S.05.01.02.02,R1410,C0280","S.05.01.02.02,R1410,C0300","S.05.01.02.02,R1420,C0210","S.05.01.02.02,R1420,C0220","S.05.01.02.02,R1420,C0230","S.05.01.02.02,R1420,C0240","S.05.01.02.02,R1420,C0250","S.05.01.02.02,R1420,C0260","S.05.01.02.02,R1420,C0270","S.05.01.02.02,R1420,C0280","S.05.01.02.02,R1420,C0300","S.05.01.02.02,R1500,C0210","S.05.01.02.02,R1500,C0220","S.05.01.02.02,R1500,C0230","S.05.01.02.02,R1500,C0240","S.05.01.02.02,R1500,C0250","S.05.01.02.02,R1500,C0260","S.05.01.02.02,R1500,C0270","S.05.01.02.02,R1500,C0280","S.05.01.02.02,R1500,C0300","S.05.01.02.02,R1510,C0210","S.05.01.02.02,R1510,C0220","S.05.01.02.02,R1510,C0230","S.05.01.02.02,R1510,C0240","S.05.01.02.02,R1510,C0250","S.05.01.02.02,R1510,C0260","S.05.01.02.02,R1510,C0270","S.05.01.02.02,R1510,C0280","S.05.01.02.02,R1510,C0300","S.05.01.02.02,R1520,C0210","S.05.01.02.02,R1520,C0220","S.05.01.02.02,R1520,C0230","S.05.01.02.02,R1520,C0240","S.05.01.02.02,R1520,C0250","S.05.01.02.02,R1520,C0260","S.05.01.02.02,R1520,C0270","S.05.01.02.02,R1520,C0280","S.05.01.02.02,R1520,C0300","S.05.01.02.02,R1600,C0210","S.05.01.02.02,R1600,C0220","S.05.01.02.02,R1600,C0230","S.05.01.02.02,R1600,C0240","S.05.01.02.02,R1600,C0250","S.05.01.02.02,R1600,C0260","S.05.01.02.02,R1600,C0270","S.05.01.02.02,R1600,C0280","S.05.01.02.02,R1600,C0300","S.05.01.02.02,R1610,C0210","S.05.01.02.02,R1610,C0220","S.05.01.02.02,R1610,C0230","S.05.01.02.02,R1610,C0240","S.05.01.02.02,R1610,C0250","S.05.01.02.02,R1610,C0260","S.05.01.02.02,R1610,C0270","S.05.01.02.02,R1610,C0280","S.05.01.02.02,R1610,C0300","S.05.01.02.02,R1620,C0210","S.05.01.02.02,R1620,C0220","S.05.01.02.02,R1620,C0230","S.05.01.02.02,R1620,C0240","S.05.01.02.02,R1620,C0250","S.05.01.02.02,R1620,C0260","S.05.01.02.02,R1620,C0270","S.05.01.02.02,R1620,C0280","S.05.01.02.02,R1620,C0300","S.05.01.02.02,R1700,C0210","S.05.01.02.02,R1700,C0220","S.05.01.02.02,R1700,C0230","S.05.01.02.02,R1700,C0240","S.05.01.02.02,R1700,C0250","S.05.01.02.02,R1700,C0260","S.05.01.02.02,R1700,C0270","S.05.01.02.02,R1700,C0280","S.05.01.02.02,R1700,C0300","S.05.01.02.02,R1710,C0210","S.05.01.02.02,R1710,C0220","S.05.01.02.02,R1710,C0230","S.05.01.02.02,R1710,C0240","S.05.01.02.02,R1710,C0250","S.05.01.02.02,R1710,C0260","S.05.01.02.02,R1710,C0270","S.05.01.02.02,R1710,C0280","S.05.01.02.02,R1710,C0300","S.05.01.02.02,R1720,C0210","S.05.01.02.02,R1720,C0220","S.05.01.02.02,R1720,C0230","S.05.01.02.02,R1720,C0240","S.05.01.02.02,R1720,C0250","S.05.01.02.02,R1720,C0260","S.05.01.02.02,R1720,C0270","S.05.01.02.02,R1720,C0280","S.05.01.02.02,R1720,C0300","S.05.01.02.02,R1800,C0210","S.05.01.02.02,R1800,C0220","S.05.01.02.02,R1800,C0230","S.05.01.02.02,R1800,C0240","S.05.01.02.02,R1800,C0250","S.05.01.02.02,R1800,C0260","S.05.01.02.02,R1800,C0270","S.05.01.02.02,R1800,C0280","S.05.01.02.02,R1800,C0300","S.05.01.02.02,R1900,C0210","S.05.01.02.02,R1900,C0220","S.05.01.02.02,R1900,C0230","S.05.01.02.02,R1900,C0240","S.05.01.02.02,R1900,C0250","S.05.01.02.02,R1900,C0260","S.05.01.02.02,R1900,C0270","S.05.01.02.02,R1900,C0280","S.05.01.02.02,R1900,C0300","S.05.01.02.02,R2500,C0300","S.05.01.02.02,R2600,C0300"
0LFF1WMNTWG5PTIYYI38,2019-12-31,124913115.32,301294569.89,990305172.54,630267632.7,777879809.5,37369919.5,228059043.4,515047723.34,907133080.7,208731521.73,514733155.05,102821212.48,493562995.15,395822801.48,617588010.21,954435022.84,126153048.5,717695617.95,198483678.63,660157571.84,914183292.38,446615206.34,872086962.84,617260234.15,789743871.36,702674052.58,744010758.35,187231909.09,683780610.37,865558202.13,494897546.21,348484704.16,863669204.02,759132467.3,944860511.04,768823295.77,286946100.62,863013152.37,211319372.26,567161589.92,260053815.51,298983551.3,127018793.38,356678705.72,93379281.2,778073037.98,776272319.33,851709299.25,243482994.7,897791082.89,36823310.91,372939723.88,726178366.7,284992974.37,903016026.59,2413277.57,565418936.4,410491608.45,615877427.82,568923033.93,151800488.77,778030775.65,638870695.66,371585069.85,491839521.38,648164377.19,816256239.61,572773036.85,586144486.69,797637000.16,841060532.23,290252754.3,778648136.14,573319779.75,740469722.04,117011887.3,920137735.38,884484106.51,400268366.06,552952288.52,74929107.13,173518653.86,483758218.68,317062977.02,793409703.78,797402342.65,187457944.3,11868244.56,449281752.88,929180547.78,282945066.6,613165837.49,306564468.65,298701519.43,607706294.02,158071064.38,495064140.57,533308502.38,405980914.44,513073794.09,519766081.98,529038636.69,453716424.96,518898278.57,741253700.29,15873643.82,673718329.18,561883040.53,569962373.44,305630369.94,213819656.96,532864659.97,202306060.47,676808147.47,659289092.18,787775618.05,195786295.43,482478795.66,55516578.78
