entity,period,"S.06.03.01.01,C0100","S.06.03.01.01,C0010","S.06.03.01.01,C0030","S.06.03.01.01,C0040","S.06.03.01.01,C0050","S.06.03.01.01,C0060"
0LFF1WMNTWG5PTIYYI38,2019-12-31,1,ISIN/XV2000282645,Collective investments undertakings,JORDAN,Total/NA,56087715.61
