entity,period,"S.06.02.01.01,C0001","S.06.02.01.01,C0040","S.06.02.01.01,C0070","S.06.02.01.01,C0080","S.06.02.01.01,C0060","S.06.02.01.01,C0090","S.06.02.01.01,C0100","S.06.02.01.01,C0110","S.06.02.01.01,C0120","S.06.02.01.01,C0130","S.06.02.01.01,C0140","S.06.02.01.01,C0150","S.06.02.01.01,C0160","S.06.02.01.01,C0170","S.06.02.01.01,C0180"
0LFF1WMNTWG5PTIYYI38,2019-12-31,1,ISIN/IS8356795570,1,1,Ring Fenced Funds,Unit-linked or index-linked,Repos [R],TOKELAU,ok fwsliv,191323.0,20005463.35,Quoted market price in active markets for the same assets,398356435.26,187704761.84,324668296.06
