entity,period,"S.06.02.01.02,C0040","S.06.02.01.02,C0190","S.06.02.01.02,C0200","S.06.02.01.02,C0210","S.06.02.01.02,C0230","S.06.02.01.02,C0240","S.06.02.01.02,C0250","S.06.02.01.02,C0270","S.06.02.01.02,C0280","S.06.02.01.02,C0290","S.06.02.01.02,C0292","S.06.02.01.02,C0300","S.06.02.01.02,C0310","S.06.02.01.02,C0320","S.06.02.01.02,C0330","S.06.02.01.02,C0340","S.06.02.01.02,C0350","S.06.02.01.02,C0360","S.06.02.01.02,C0370","S.06.02.01.02,C0380","S.06.02.01.02,C0390"
0LFF1WMNTWG5PTIYYI38,2019-12-31,ISIN/OZ8075265332,pr fp igfj ky,trwtiw nebyxh awzhny bs,jmwx odyfct jriq,F43.3.9 - Other building completion and finishing,fu os fm,bi aq akrb,KENYA,SZL,vx bdsc rzouqn,“Simplified” look-through based on the underlying asset allocation or last reported asset allocation with data grouping,Not an infrastructure investment,"Participation in a Collective Investment Undertaking or investments packaged as funds, which is an investment vehicle",kxpoyt wreh xthiyc dq tdoibq,EuroRating Sp. z o.o. (LEI code: 25940027QWS5GMO74O03),Credit quality step 5,ec igbmfi ukzcjt zeawku,73016.0,537740889.72,0.6037,2020-08-07 00:00:00
