entity,period,"S.08.02.01.02,C0040","S.08.02.01.02,C0240","S.08.02.01.02,C0250","S.08.02.01.02,C0270","S.08.02.01.02,C0280","S.08.02.01.02,C0300","S.08.02.01.02,C0310","S.08.02.01.02,C0320","S.08.02.01.02,C0330","S.08.02.01.02,C0340","S.08.02.01.02,C0350","S.08.02.01.02,C0360","S.08.02.01.02,C0370"
0LFF1WMNTWG5PTIYYI38,2019-12-31,ISIN/SZ5705095604,btzv ecptfi iw ej,rrgvrw komoby twyf,tcjwqf dp,nidm podq kgci,viqeor xlkq,AMD,njll cq mzur,xr le,Bankruptcy of the underlying or reference entity [B],BGN,VUV,2019-08-07 00:00:00
