entity,period,"S.08.01.01.01,C0440","S.08.01.01.01,C0040","S.08.01.01.01,C0070","S.08.01.01.01,C0090","S.08.01.01.01,C0060","S.08.01.01.01,C0080","S.08.01.01.01,C0110","S.08.01.01.01,C0120","S.08.01.01.01,C0130","S.08.01.01.01,C0140","S.08.01.01.01,C0150","S.08.01.01.01,C0160","S.08.01.01.01,C0170","S.08.01.01.01,C0180","S.08.01.01.01,C0190","S.08.01.01.01,C0200","S.08.01.01.01,C0210","S.08.01.01.01,C0220","S.08.01.01.01,C0230","S.08.01.01.01,C0240","S.08.01.01.01,C0250"
0LFF1WMNTWG5PTIYYI38,2019-12-31,1,ISIN/EZ3104183600,1,ISIN/CE6248278617,Ring Fenced Funds,Unit-linked or index-linked,"Efficient portfolio management, other than “Matching assets and liabilities cash-flows used in the context of matching adjustment portfolios”",411729.0,659798858.82,FX-FL [open],127862802.34,242999345.92,245002.0,760703.0,5854135.55,425938836.92,697584103.27,2002-08-25 00:00:00,6592.0,886187051.26,Market valuation according to article 9(4) of Delegated Regulation 2015/35
