entity,period,"S.08.02.01.01,C0440","S.08.02.01.01,C0040","S.08.02.01.01,C0070","S.08.02.01.01,C0090","S.08.02.01.01,C0060","S.08.02.01.01,C0080","S.08.02.01.01,C0110","S.08.02.01.01,C0120","S.08.02.01.01,C0130","S.08.02.01.01,C0140","S.08.02.01.01,C0150","S.08.02.01.01,C0160","S.08.02.01.01,C0170","S.08.02.01.01,C0180","S.08.02.01.01,C0190","S.08.02.01.01,C0200","S.08.02.01.01,C0210","S.08.02.01.01,C0220","S.08.02.01.01,C0230"
0LFF1WMNTWG5PTIYYI38,2019-12-31,1,ISIN/RB3299788372,1,ISIN/HV1587599059,Ring Fenced Funds,Unit-linked or index-linked,Macro hedge [MA],865465911.91,FL-FX [closed],96272553.07,574918713.58,381266583.08,308859.0,818385.0,270465174.04,64831970.44,128634715.4,2015-07-08 00:00:00,178915507.24
