entity,period,"S.08.01.01.02,C0040","S.08.01.01.02,C0260","S.08.01.01.02,C0270","S.08.01.01.02,C0290","S.08.01.01.02,C0300","S.08.01.01.02,C0310","S.08.01.01.02,C0320","S.08.01.01.02,C0330","S.08.01.01.02,C0340","S.08.01.01.02,C0360","S.08.01.01.02,C0370","S.08.01.01.02,C0380","S.08.01.01.02,C0390","S.08.01.01.02,C0400","S.08.01.01.02,C0410","S.08.01.01.02,C0420","S.08.01.01.02,C0430"
0LFF1WMNTWG5PTIYYI38,2019-12-31,ISIN/GA5840402226,yizz blxgld fmrg xyen yn,rf ah dh pnvj,jeiied tiic xr,Fitch,Credit quality step 4,nbji rh af lq,zg kt,zz tnlkoj ospnkk dfqmtg,fh tj lu,FJD,hi kdum,khuy wn,Adverse fall in value of the underlying reference asset [F],MGA,BIF,2013-10-05 00:00:00
