entity,period,"S.12.01.02.01,R0010,C0020","S.12.01.02.01,R0010,C0030","S.12.01.02.01,R0010,C0060","S.12.01.02.01,R0010,C0090","S.12.01.02.01,R0010,C0100","S.12.01.02.01,R0010,C0150","S.12.01.02.01,R0010,C0160","S.12.01.02.01,R0010,C0190","S.12.01.02.01,R0010,C0200","S.12.01.02.01,R0010,C0210","S.12.01.02.01,R0020,C0020","S.12.01.02.01,R0020,C0030","S.12.01.02.01,R0020,C0060","S.12.01.02.01,R0020,C0090","S.12.01.02.01,R0020,C0100","S.12.01.02.01,R0020,C0150","S.12.01.02.01,R0020,C0160","S.12.01.02.01,R0020,C0190","S.12.01.02.01,R0020,C0200","S.12.01.02.01,R0020,C0210","S.12.01.02.01,R0030,C0020","S.12.01.02.01,R0030,C0040","S.12.01.02.01,R0030,C0050","S.12.01.02.01,R0030,C0070","S.12.01.02.01,R0030,C0080","S.12.01.02.01,R0030,C0090","S.12.01.02.01,R0030,C0100","S.12.01.02.01,R0030,C0150","S.12.01.02.01,R0030,C0170","S.12.01.02.01,R0030,C0180","S.12.01.02.01,R0030,C0190","S.12.01.02.01,R0030,C0200","S.12.01.02.01,R0030,C0210","S.12.01.02.01,R0080,C0020","S.12.01.02.01,R0080,C0040","S.12.01.02.01,R0080,C0050","S.12.01.02.01,R0080,C0070","S.12.01.02.01,R0080,C0080","S.12.01.02.01,R0080,C0090","S.12.01.02.01,R0080,C0100","S.12.01.02.01,R0080,C0150","S.12.01.02.01,R0080,C0170","S.12.01.02.01,R0080,C0180","S.12.01.02.01,R0080,C0190","S.12.01.02.01,R0080,C0200","S.12.01.02.01,R0080,C0210","S.12.01.02.01,R0090,C0020","S.12.01.02.01,R0090,C0040","S.12.01.02.01,R0090,C0050","S.12.01.02.01,R0090,C0070","S.12.01.02.01,R0090,C0080","S.12.01.02.01,R0090,C0090","S.12.01.02.01,R0090,C0100","S.12.01.02.01,R0090,C0150","S.12.01.02.01,R0090,C0170","S.12.01.02.01,R0090,C0180","S.12.01.02.01,R0090,C0190","S.12.01.02.01,R0090,C0200","S.12.01.02.01,R0090,C0210","S.12.01.02.01,R0100,C0020","S.12.01.02.01,R0100,C0030","S.12.01.02.01,R0100,C0060","S.12.01.02.01,R0100,C0090","S.12.01.02.01,R0100,C0100","S.12.01.02.01,R0100,C0150","S.12.01.02.01,R0100,C0160","S.12.01.02.01,R0100,C0190","S.12.01.02.01,R0100,C0200","S.12.01.02.01,R0100,C0210","S.12.01.02.01,R0110,C0020","S.12.01.02.01,R0110,C0030","S.12.01.02.01,R0110,C0060","S.12.01.02.01,R0110,C0090","S.12.01.02.01,R0110,C0100","S.12.01.02.01,R0110,C0150","S.12.01.02.01,R0110,C0160","S.12.01.02.01,R0110,C0190","S.12.01.02.01,R0110,C0200","S.12.01.02.01,R0110,C0210","S.12.01.02.01,R0120,C0020","S.12.01.02.01,R0120,C0040","S.12.01.02.01,R0120,C0050","S.12.01.02.01,R0120,C0070","S.12.01.02.01,R0120,C0080","S.12.01.02.01,R0120,C0090","S.12.01.02.01,R0120,C0100","S.12.01.02.01,R0120,C0150","S.12.01.02.01,R0120,C0170","S.12.01.02.01,R0120,C0180","S.12.01.02.01,R0120,C0190","S.12.01.02.01,R0120,C0200","S.12.01.02.01,R0120,C0210","S.12.01.02.01,R0130,C0020","S.12.01.02.01,R0130,C0030","S.12.01.02.01,R0130,C0060","S.12.01.02.01,R0130,C0090","S.12.01.02.01,R0130,C0100","S.12.01.02.01,R0130,C0150","S.12.01.02.01,R0130,C0160","S.12.01.02.01,R0130,C0190","S.12.01.02.01,R0130,C0200","S.12.01.02.01,R0130,C0210","S.12.01.02.01,R0200,C0020","S.12.01.02.01,R0200,C0030","S.12.01.02.01,R0200,C0060","S.12.01.02.01,R0200,C0090","S.12.01.02.01,R0200,C0100","S.12.01.02.01,R0200,C0150","S.12.01.02.01,R0200,C0160","S.12.01.02.01,R0200,C0190","S.12.01.02.01,R0200,C0200","S.12.01.02.01,R0200,C0210"
0LFF1WMNTWG5PTIYYI38,2019-12-31,309135245.56,425431927.01,653423932.22,264880457.15,872559675.12,375959184.09,933717078.28,90930554.09,377637360.05,392468316.1,756673620.15,510289589.13,994808863.32,292493507.48,55020813.04,356038437.63,734718203.36,880760983.7,432144920.55,12781058.38,367379857.59,111366043.53,156679649.97,179392140.82,144182514.8,193583928.88,932219501.3,153781124.76,55071374.05,494295836.93,121155363.75,320517563.88,75860925.47,426568432.72,854437323.27,220847483.42,472156351.83,92254333.97,944107249.5,375150038.28,585519961.95,702210138.38,18791332.37,775656902.29,628159156.35,328210577.02,442796997.43,102909396.89,801721696.08,384432228.3,677105072.38,964938893.59,830394.13,775309849.69,300257332.97,77671623.5,183464791.15,975236016.37,554593094.85,363772758.07,894565685.24,795603115.85,244751570.41,772826880.9,739700461.66,441944193.78,2986245.0,869147009.73,330268577.62,704241486.64,204940.49,259455605.87,855907871.91,585899037.72,255889776.82,54876274.94,554604675.0,744178218.38,691041356.67,329656249.69,670720961.1,515421338.95,356170315.56,572562233.38,25933310.06,778207913.49,45631436.3,546571401.11,526883067.77,767068088.43,468279193.36,470678649.89,413922795.21,659772930.72,25979536.43,153398407.4,213388519.66,741629736.27,533247944.78,18465010.64,962843627.48,443473591.04,144684286.83,709926386.44,242732763.71,948366673.45,419871711.13,819253818.6,907755302.79,910766689.71,927530810.17,683920894.64
