entity,period,"S.17.01.02.01,R0010,C0020","S.17.01.02.01,R0010,C0030","S.17.01.02.01,R0010,C0040","S.17.01.02.01,R0010,C0050","S.17.01.02.01,R0010,C0060","S.17.01.02.01,R0010,C0070","S.17.01.02.01,R0010,C0080","S.17.01.02.01,R0010,C0090","S.17.01.02.01,R0010,C0100","S.17.01.02.01,R0010,C0110","S.17.01.02.01,R0010,C0120","S.17.01.02.01,R0010,C0130","S.17.01.02.01,R0010,C0140","S.17.01.02.01,R0010,C0150","S.17.01.02.01,R0010,C0160","S.17.01.02.01,R0010,C0170","S.17.01.02.01,R0010,C0180","S.17.01.02.01,R0050,C0020","S.17.01.02.01,R0050,C0030","S.17.01.02.01,R0050,C0040","S.17.01.02.01,R0050,C0050","S.17.01.02.01,R0050,C0060","S.17.01.02.01,R0050,C0070","S.17.01.02.01,R0050,C0080","S.17.01.02.01,R0050,C0090","S.17.01.02.01,R0050,C0100","S.17.01.02.01,R0050,C0110","S.17.01.02.01,R0050,C0120","S.17.01.02.01,R0050,C0130","S.17.01.02.01,R0050,C0140","S.17.01.02.01,R0050,C0150","S.17.01.02.01,R0050,C0160","S.17.01.02.01,R0050,C0170","S.17.01.02.01,R0050,C0180","S.17.01.02.01,R0060,C0020","S.17.01.02.01,R0060,C0030","S.17.01.02.01,R0060,C0040","S.17.01.02.01,R0060,C0050","S.17.01.02.01,R0060,C0060","S.17.01.02.01,R0060,C0070","S.17.01.02.01,R0060,C0080","S.17.01.02.01,R0060,C0090","S.17.01.02.01,R0060,C0100","S.17.01.02.01,R0060,C0110","S.17.01.02.01,R0060,C0120","S.17.01.02.01,R0060,C0130","S.17.01.02.01,R0060,C0140","S.17.01.02.01,R0060,C0150","S.17.01.02.01,R0060,C0160","S.17.01.02.01,R0060,C0170","S.17.01.02.01,R0060,C0180","S.17.01.02.01,R0140,C0020","S.17.01.02.01,R0140,C0030","S.17.01.02.01,R0140,C0040","S.17.01.02.01,R0140,C0050","S.17.01.02.01,R0140,C0060","S.17.01.02.01,R0140,C0070","S.17.01.02.01,R0140,C0080","S.17.01.02.01,R0140,C0090","S.17.01.02.01,R0140,C0100","S.17.01.02.01,R0140,C0110","S.17.01.02.01,R0140,C0120","S.17.01.02.01,R0140,C0130","S.17.01.02.01,R0140,C0140","S.17.01.02.01,R0140,C0150","S.17.01.02.01,R0140,C0160","S.17.01.02.01,R0140,C0170","S.17.01.02.01,R0140,C0180","S.17.01.02.01,R0150,C0020","S.17.01.02.01,R0150,C0030","S.17.01.02.01,R0150,C0040","S.17.01.02.01,R0150,C0050","S.17.01.02.01,R0150,C0060","S.17.01.02.01,R0150,C0070","S.17.01.02.01,R0150,C0080","S.17.01.02.01,R0150,C0090","S.17.01.02.01,R0150,C0100","S.17.01.02.01,R0150,C0110","S.17.01.02.01,R0150,C0120","S.17.01.02.01,R0150,C0130","S.17.01.02.01,R0150,C0140","S.17.01.02.01,R0150,C0150","S.17.01.02.01,R0150,C0160","S.17.01.02.01,R0150,C0170","S.17.01.02.01,R0150,C0180","S.17.01.02.01,R0160,C0020","S.17.01.02.01,R0160,C0030","S.17.01.02.01,R0160,C0040","S.17.01.02.01,R0160,C0050","S.17.01.02.01,R0160,C0060","S.17.01.02.01,R0160,C0070","S.17.01.02.01,R0160,C0080","S.17.01.02.01,R0160,C0090","S.17.01.02.01,R0160,C0100","S.17.01.02.01,R0160,C0110","S.17.01.02.01,R0160,C0120","S.17.01.02.01,R0160,C0130","S.17.01.02.01,R0160,C0140","S.17.01.02.01,R0160,C0150","S.17.01.02.01,R0160,C0160","S.17.01.02.01,R0160,C0170","S.17.01.02.01,R0160,C0180","S.17.01.02.01,R0240,C0020","S.17.01.02.01,R0240,C0030","S.17.01.02.01,R0240,C0040","S.17.01.02.01,R0240,C0050","S.17.01.02.01,R0240,C0060","S.17.01.02.01,R0240,C0070","S.17.01.02.01,R0240,C0080","S.17.01.02.01,R0240,C0090","S.17.01.02.01,R0240,C0100","S.17.01.02.01,R0240,C0110","S.17.01.02.01,R0240,C0120","S.17.01.02.01,R0240,C0130","S.17.01.02.01,R0240,C0140","S.17.01.02.01,R0240,C0150","S.17.01.02.01,R0240,C0160","S.17.01.02.01,R0240,C0170","S.17.01.02.01,R0240,C0180","S.17.01.02.01,R0250,C0020","S.17.01.02.01,R0250,C0030","S.17.01.02.01,R0250,C0040","S.17.01.02.01,R0250,C0050","S.17.01.02.01,R0250,C0060","S.17.01.02.01,R0250,C0070","S.17.01.02.01,R0250,C0080","S.17.01.02.01,R0250,C0090","S.17.01.02.01,R0250,C0100","S.17.01.02.01,R0250,C0110","S.17.01.02.01,R0250,C0120","S.17.01.02.01,R0250,C0130","S.17.01.02.01,R0250,C0140","S.17.01.02.01,R0250,C0150","S.17.01.02.01,R0250,C0160","S.17.01.02.01,R0250,C0170","S.17.01.02.01,R0250,C0180","S.17.01.02.01,R0260,C0020","S.17.01.02.01,R0260,C0030","S.17.01.02.01,R0260,C0040","S.17.01.02.01,R0260,C0050","S.17.01.02.01,R0260,C0060","S.17.01.02.01,R0260,C0070","S.17.01.02.01,R0260,C0080","S.17.01.02.01,R0260,C0090","S.17.01.02.01,R0260,C0100","S.17.01.02.01,R0260,C0110","S.17.01.02.01,R0260,C0120","S.17.01.02.01,R0260,C0130","S.17.01.02.01,R0260,C0140","S.17.01.02.01,R0260,C0150","S.17.01.02.01,R0260,C0160","S.17.01.02.01,R0260,C0170","S.17.01.02.01,R0260,C0180","S.17.01.02.01,R0270,C0020","S.17.01.02.01,R0270,C0030","S.17.01.02.01,R0270,C0040","S.17.01.02.01,R0270,C0050","S.17.01.02.01,R0270,C0060","S.17.01.02.01,R0270,C0070","S.17.01.02.01,R0270,C0080","S.17.01.02.01,R0270,C0090","S.17.01.02.01,R0270,C0100","S.17.01.02.01,R0270,C0110","S.17.01.02.01,R0270,C0120","S.17.01.02.01,R0270,C0130","S.17.01.02.01,R0270,C0140","S.17.01.02.01,R0270,C0150","S.17.01.02.01,R0270,C0160","S.17.01.02.01,R0270,C0170","S.17.01.02.01,R0270,C0180","S.17.01.02.01,R0280,C0020","S.17.01.02.01,R0280,C0030","S.17.01.02.01,R0280,C0040","S.17.01.02.01,R0280,C0050","S.17.01.02.01,R0280,C0060","S.17.01.02.01,R0280,C0070","S.17.01.02.01,R0280,C0080","S.17.01.02.01,R0280,C0090","S.17.01.02.01,R0280,C0100","S.17.01.02.01,R0280,C0110","S.17.01.02.01,R0280,C0120","S.17.01.02.01,R0280,C0130","S.17.01.02.01,R0280,C0140","S.17.01.02.01,R0280,C0150","S.17.01.02.01,R0280,C0160","S.17.01.02.01,R0280,C0170","S.17.01.02.01,R0280,C0180","S.17.01.02.01,R0290,C0020","S.17.01.02.01,R0290,C0030","S.17.01.02.01,R0290,C0040","S.17.01.02.01,R0290,C0050","S.17.01.02.01,R0290,C0060","S.17.01.02.01,R0290,C0070","S.17.01.02.01,R0290,C0080","S.17.01.02.01,R0290,C0090","S.17.01.02.01,R0290,C0100","S.17.01.02.01,R0290,C0110","S.17.01.02.01,R0290,C0120","S.17.01.02.01,R0290,C0130","S.17.01.02.01,R0290,C0140","S.17.01.02.01,R0290,C0150","S.17.01.02.01,R0290,C0160","S.17.01.02.01,R0290,C0170","S.17.01.02.01,R0290,C0180","S.17.01.02.01,R0300,C0020","S.17.01.02.01,R0300,C0030","S.17.01.02.01,R0300,C0040","S.17.01.02.01,R0300,C0050","S.17.01.02.01,R0300,C0060","S.17.01.02.01,R0300,C0070","S.17.01.02.01,R0300,C0080","S.17.01.02.01,R0300,C0090","S.17.01.02.01,R0300,C0100","S.17.01.02.01,R0300,C0110","S.17.01.02.01,R0300,C0120","S.17.01.02.01,R0300,C0130","S.17.01.02.01,R0300,C0140","S.17.01.02.01,R0300,C0150","S.17.01.02.01,R0300,C0160","S.17.01.02.01,R0300,C0170","S.17.01.02.01,R0300,C0180","S.17.01.02.01,R0310,C0020","S.17.01.02.01,R0310,C0030","S.17.01.02.01,R0310,C0040","S.17.01.02.01,R0310,C0050","S.17.01.02.01,R0310,C0060","S.17.01.02.01,R0310,C0070","S.17.01.02.01,R0310,C0080","S.17.01.02.01,R0310,C0090","S.17.01.02.01,R0310,C0100","S.17.01.02.01,R0310,C0110","S.17.01.02.01,R0310,C0120","S.17.01.02.01,R0310,C0130","S.17.01.02.01,R0310,C0140","S.17.01.02.01,R0310,C0150","S.17.01.02.01,R0310,C0160","S.17.01.02.01,R0310,C0170","S.17.01.02.01,R0310,C0180","S.17.01.02.01,R0320,C0020","S.17.01.02.01,R0320,C0030","S.17.01.02.01,R0320,C0040","S.17.01.02.01,R0320,C0050","S.17.01.02.01,R0320,C0060","S.17.01.02.01,R0320,C0070","S.17.01.02.01,R0320,C0080","S.17.01.02.01,R0320,C0090","S.17.01.02.01,R0320,C0100","S.17.01.02.01,R0320,C0110","S.17.01.02.01,R0320,C0120","S.17.01.02.01,R0320,C0130","S.17.01.02.01,R0320,C0140","S.17.01.02.01,R0320,C0150","S.17.01.02.01,R0320,C0160","S.17.01.02.01,R0320,C0170","S.17.01.02.01,R0320,C0180","S.17.01.02.01,R0330,C0020","S.17.01.02.01,R0330,C0030","S.17.01.02.01,R0330,C0040","S.17.01.02.01,R0330,C0050","S.17.01.02.01,R0330,C0060","S.17.01.02.01,R0330,C0070","S.17.01.02.01,R0330,C0080","S.17.01.02.01,R0330,C0090","S.17.01.02.01,R0330,C0100","S.17.01.02.01,R0330,C0110","S.17.01.02.01,R0330,C0120","S.17.01.02.01,R0330,C0130","S.17.01.02.01,R0330,C0140","S.17.01.02.01,R0330,C0150","S.17.01.02.01,R0330,C0160","S.17.01.02.01,R0330,C0170","S.17.01.02.01,R0330,C0180","S.17.01.02.01,R0340,C0020","S.17.01.02.01,R0340,C0030","S.17.01.02.01,R0340,C0040","S.17.01.02.01,R0340,C0050","S.17.01.02.01,R0340,C0060","S.17.01.02.01,R0340,C0070","S.17.01.02.01,R0340,C0080","S.17.01.02.01,R0340,C0090","S.17.01.02.01,R0340,C0100","S.17.01.02.01,R0340,C0110","S.17.01.02.01,R0340,C0120","S.17.01.02.01,R0340,C0130","S.17.01.02.01,R0340,C0140","S.17.01.02.01,R0340,C0150","S.17.01.02.01,R0340,C0160","S.17.01.02.01,R0340,C0170","S.17.01.02.01,R0340,C0180"
0LFF1WMNTWG5PTIYYI38,2019-12-31,53084348.27,39933559.63,944958409.15,188883289.03,105844730.71,921045774.6,969055924.17,704791045.25,346143480.5,988944172.36,814570006.0,175630831.41,107261338.99,66167097.77,73824357.52,449773056.93,968413101.85,479342550.59,167976272.91,603742452.13,108217649.93,636739779.66,279383283.06,592738306.73,874126959.14,165937102.96,731844149.63,630055779.67,967799770.44,419911957.55,380141304.68,672316750.71,466837334.79,860614250.7,953823042.43,295366852.59,358768765.35,223420515.42,815606495.83,922094716.23,636232118.37,716071678.52,794215221.21,702520519.45,200180824.2,800055398.55,702535451.57,243628936.74,314008978.42,336599046.09,571398938.61,205050211.61,533907652.42,782275564.85,990409704.02,704795640.16,348804459.16,200065195.92,262904888.38,346863909.94,837799369.26,854783997.8,224516710.28,810427148.09,579995905.82,437036059.25,5827857.53,235781396.27,702428693.51,306568427.67,669633165.49,808652448.35,916729567.74,592569570.03,107836513.23,631366331.41,609490198.91,112276148.91,672844206.19,182808126.46,685524395.19,740731047.05,711020518.98,571798018.61,766786344.66,640779636.56,730250141.96,22697261.31,913175706.69,878930270.68,789362446.89,118813315.7,959146953.41,154102282.05,972047268.22,907825693.74,347192307.09,804086965.23,685729428.46,198833106.85,334267295.53,564561544.75,229383727.32,115757765.63,265833514.15,545534499.84,999032097.7,494786434.78,653892959.38,667806109.24,704076000.72,650858131.77,186998407.21,72771781.49,73999211.69,68081003.75,349850926.06,364768433.0,32042369.37,396158655.12,601144310.35,743573910.62,268519736.56,436765620.64,890145028.88,595288758.6,823812961.75,534627748.63,546333351.25,545444780.53,87761555.75,618147027.62,72993748.25,622493353.9,3079128.69,820453266.2,488722990.11,272183115.19,195902858.39,545270482.06,982433751.93,606718137.64,173628708.93,580099781.52,643188565.93,884954119.56,681618.99,841843975.75,771189204.86,624567084.59,360121584.49,435312799.66,990149543.28,155111493.03,79040049.96,507474358.93,663897895.57,546483647.07,385285764.6,708282185.77,157890189.77,941215334.19,585045785.26,625733289.12,245681922.96,726804974.37,932871529.36,959188095.43,813024952.81,926759198.71,602338007.25,40876584.79,469388993.42,354324776.36,677406519.85,397270815.51,794036750.89,192182159.02,361950805.42,732986410.2,128871121.54,769539152.36,665104792.3,430364361.67,943613968.83,235022688.95,512968710.7,42439955.26,921331079.85,982310624.87,188632687.99,788483186.66,146305031.01,636285458.6,794030981.08,511548742.6,12472561.49,480420722.34,1666854.75,202138155.89,775994122.81,847244585.39,548759223.44,371140019.59,267848968.5,474938233.76,838849007.07,208565579.45,414106475.15,788922676.54,178730030.04,422325520.27,638122259.32,913674348.07,734765116.46,888973985.26,442324874.97,961185243.32,865433302.4,103840182.43,561731779.0,353037935.56,557625741.56,436117350.75,619374365.86,298056527.5,368761165.48,413034569.68,917798745.28,244070322.86,572460312.84,348991705.74,261300948.45,879189178.62,667126210.32,675802670.46,45954469.29,579222424.69,405627115.01,867128154.85,544039.74,822106713.55,847022101.39,536725229.72,535396907.06,731662930.58,877091716.97,328773534.52,425985115.15,111335730.73,927873819.05,821491466.84,402481464.21,45365426.73,58071844.94,918822336.69,698481838.16,424028661.68,718816267.1,612912344.49,710403368.09,193510210.74,962885010.53,18326630.83,922368724.47,31760278.84,906608594.25,386081583.13,470317063.92,972019211.02,858815755.21,993047300.1,503245087.32,383655946.34,565706377.68,111856877.46,756170121.9,411681883.72,186874253.93,372322529.87,859557706.06,849711023.36,277835841.64,569570367.34,31240681.55,332484419.78,831541795.48,998195535.7,159534892.84
