entity,period,"S.23.01.01.02,R0700,C0060","S.23.01.01.02,R0710,C0060","S.23.01.01.02,R0720,C0060","S.23.01.01.02,R0730,C0060","S.23.01.01.02,R0740,C0060","S.23.01.01.02,R0760,C0060","S.23.01.01.02,R0770,C0060","S.23.01.01.02,R0780,C0060","S.23.01.01.02,R0790,C0060"
0LFF1WMNTWG5PTIYYI38,2019-12-31,686084250.33,25447613.57,926594274.64,337646391.04,205360766.64,113258383.42,387225248.77,839176057.89,927444258.36
