entity,period,"S.23.01.01.01,R0010,C0010","S.23.01.01.01,R0010,C0020","S.23.01.01.01,R0010,C0040","S.23.01.01.01,R0030,C0010","S.23.01.01.01,R0030,C0020","S.23.01.01.01,R0030,C0040","S.23.01.01.01,R0040,C0010","S.23.01.01.01,R0040,C0020","S.23.01.01.01,R0040,C0040","S.23.01.01.01,R0050,C0010","S.23.01.01.01,R0050,C0030","S.23.01.01.01,R0050,C0040","S.23.01.01.01,R0050,C0050","S.23.01.01.01,R0070,C0010","S.23.01.01.01,R0070,C0020","S.23.01.01.01,R0090,C0010","S.23.01.01.01,R0090,C0030","S.23.01.01.01,R0090,C0040","S.23.01.01.01,R0090,C0050","S.23.01.01.01,R0110,C0010","S.23.01.01.01,R0110,C0030","S.23.01.01.01,R0110,C0040","S.23.01.01.01,R0110,C0050","S.23.01.01.01,R0130,C0010","S.23.01.01.01,R0130,C0020","S.23.01.01.01,R0140,C0010","S.23.01.01.01,R0140,C0030","S.23.01.01.01,R0140,C0040","S.23.01.01.01,R0140,C0050","S.23.01.01.01,R0160,C0010","S.23.01.01.01,R0160,C0050","S.23.01.01.01,R0180,C0010","S.23.01.01.01,R0180,C0020","S.23.01.01.01,R0180,C0030","S.23.01.01.01,R0180,C0040","S.23.01.01.01,R0180,C0050","S.23.01.01.01,R0220,C0010","S.23.01.01.01,R0230,C0010","S.23.01.01.01,R0230,C0020","S.23.01.01.01,R0230,C0030","S.23.01.01.01,R0230,C0040","S.23.01.01.01,R0230,C0050","S.23.01.01.01,R0290,C0010","S.23.01.01.01,R0290,C0020","S.23.01.01.01,R0290,C0030","S.23.01.01.01,R0290,C0040","S.23.01.01.01,R0290,C0050","S.23.01.01.01,R0300,C0010","S.23.01.01.01,R0300,C0040","S.23.01.01.01,R0310,C0010","S.23.01.01.01,R0310,C0040","S.23.01.01.01,R0320,C0010","S.23.01.01.01,R0320,C0040","S.23.01.01.01,R0320,C0050","S.23.01.01.01,R0330,C0010","S.23.01.01.01,R0330,C0040","S.23.01.01.01,R0330,C0050","S.23.01.01.01,R0340,C0010","S.23.01.01.01,R0340,C0040","S.23.01.01.01,R0350,C0010","S.23.01.01.01,R0350,C0040","S.23.01.01.01,R0350,C0050","S.23.01.01.01,R0360,C0010","S.23.01.01.01,R0360,C0040","S.23.01.01.01,R0370,C0010","S.23.01.01.01,R0370,C0040","S.23.01.01.01,R0370,C0050","S.23.01.01.01,R0390,C0010","S.23.01.01.01,R0390,C0040","S.23.01.01.01,R0390,C0050","S.23.01.01.01,R0400,C0010","S.23.01.01.01,R0400,C0040","S.23.01.01.01,R0400,C0050","S.23.01.01.01,R0500,C0010","S.23.01.01.01,R0500,C0020","S.23.01.01.01,R0500,C0030","S.23.01.01.01,R0500,C0040","S.23.01.01.01,R0500,C0050","S.23.01.01.01,R0510,C0010","S.23.01.01.01,R0510,C0020","S.23.01.01.01,R0510,C0030","S.23.01.01.01,R0510,C0040","S.23.01.01.01,R0540,C0010","S.23.01.01.01,R0540,C0020","S.23.01.01.01,R0540,C0030","S.23.01.01.01,R0540,C0040","S.23.01.01.01,R0540,C0050","S.23.01.01.01,R0550,C0010","S.23.01.01.01,R0550,C0020","S.23.01.01.01,R0550,C0030","S.23.01.01.01,R0550,C0040","S.23.01.01.01,R0580,C0010","S.23.01.01.01,R0600,C0010","S.23.01.01.01,R0620,C0010","S.23.01.01.01,R0640,C0010"
0LFF1WMNTWG5PTIYYI38,2019-12-31,986937018.55,655078890.71,351718524.69,434309313.81,22351314.91,445032113.44,146087349.04,652742769.95,989814863.08,93749942.64,820447163.28,841868351.8,184727359.39,713582103.01,348939047.69,974236629.57,976114134.39,250720071.73,428408513.52,909225562.21,441434435.97,511442461.82,654434441.64,113258383.42,282326542.0,263251586.22,92194799.99,901860124.79,2623964.62,263094123.02,886786210.26,894171344.85,347494626.01,538598858.75,15258614.36,246933429.14,733621787.08,102847230.38,690107819.68,145287263.78,394474104.34,801270785.5,462905198.34,704217778.8,59818029.05,150017136.25,523812270.55,898489092.11,481649971.77,855948871.73,303717899.07,605382566.38,984453744.66,393959823.41,936198756.99,428836459.26,391501968.71,984301907.03,365647741.22,152972386.38,57342368.72,622359934.1,879759212.35,620378179.54,344182004.68,697290496.56,120891768.51,663941401.58,510607514.41,309867466.77,131172388.0,995846707.5,240935280.95,605438166.01,70304572.76,448095455.22,565930066.18,191272781.52,960688968.59,452570311.0,437698104.85,678686461.07,354590846.19,330036066.8,410215058.68,226118004.73,853205498.89,836146513.59,937947831.45,517403633.65,343456381.33,372321754.7,299152046.19,0.8604,0.8013
