entity,period,"S.28.02.01.04,R0210,C0090","S.28.02.01.04,R0210,C0110","S.28.02.01.04,R0220,C0090","S.28.02.01.04,R0220,C0110","S.28.02.01.04,R0230,C0090","S.28.02.01.04,R0230,C0110","S.28.02.01.04,R0240,C0090","S.28.02.01.04,R0240,C0110","S.28.02.01.04,R0250,C0100","S.28.02.01.04,R0250,C0120"
0LFF1WMNTWG5PTIYYI38,2019-12-31,978298669.67,794786136.33,343923302.11,987093469.13,372043672.01,849694725.47,937063403.46,308617122.57,486138734.57,27391531.42
