entity,period,"S.28.02.01.02,R0020,C0030","S.28.02.01.02,R0020,C0040","S.28.02.01.02,R0020,C0050","S.28.02.01.02,R0020,C0060","S.28.02.01.02,R0030,C0030","S.28.02.01.02,R0030,C0040","S.28.02.01.02,R0030,C0050","S.28.02.01.02,R0030,C0060","S.28.02.01.02,R0040,C0030","S.28.02.01.02,R0040,C0040","S.28.02.01.02,R0040,C0050","S.28.02.01.02,R0040,C0060","S.28.02.01.02,R0050,C0030","S.28.02.01.02,R0050,C0040","S.28.02.01.02,R0050,C0050","S.28.02.01.02,R0050,C0060","S.28.02.01.02,R0060,C0030","S.28.02.01.02,R0060,C0040","S.28.02.01.02,R0060,C0050","S.28.02.01.02,R0060,C0060","S.28.02.01.02,R0070,C0030","S.28.02.01.02,R0070,C0040","S.28.02.01.02,R0070,C0050","S.28.02.01.02,R0070,C0060","S.28.02.01.02,R0080,C0030","S.28.02.01.02,R0080,C0040","S.28.02.01.02,R0080,C0050","S.28.02.01.02,R0080,C0060","S.28.02.01.02,R0090,C0030","S.28.02.01.02,R0090,C0040","S.28.02.01.02,R0090,C0050","S.28.02.01.02,R0090,C0060","S.28.02.01.02,R0100,C0030","S.28.02.01.02,R0100,C0040","S.28.02.01.02,R0100,C0050","S.28.02.01.02,R0100,C0060","S.28.02.01.02,R0110,C0030","S.28.02.01.02,R0110,C0040","S.28.02.01.02,R0110,C0050","S.28.02.01.02,R0110,C0060","S.28.02.01.02,R0120,C0030","S.28.02.01.02,R0120,C0040","S.28.02.01.02,R0120,C0050","S.28.02.01.02,R0120,C0060","S.28.02.01.02,R0130,C0030","S.28.02.01.02,R0130,C0040","S.28.02.01.02,R0130,C0050","S.28.02.01.02,R0130,C0060","S.28.02.01.02,R0140,C0030","S.28.02.01.02,R0140,C0040","S.28.02.01.02,R0140,C0050","S.28.02.01.02,R0140,C0060","S.28.02.01.02,R0150,C0030","S.28.02.01.02,R0150,C0040","S.28.02.01.02,R0150,C0050","S.28.02.01.02,R0150,C0060","S.28.02.01.02,R0160,C0030","S.28.02.01.02,R0160,C0040","S.28.02.01.02,R0160,C0050","S.28.02.01.02,R0160,C0060","S.28.02.01.02,R0170,C0030","S.28.02.01.02,R0170,C0040","S.28.02.01.02,R0170,C0050","S.28.02.01.02,R0170,C0060"
0LFF1WMNTWG5PTIYYI38,2019-12-31,448558045.28,424074455.07,449150534.14,821707835.24,727090530.43,806053425.51,1110804.68,954091128.25,888963063.96,74635948.13,259933037.72,942704384.54,818769984.83,773022077.96,913763247.76,720485090.55,382097860.51,273465763.51,986799995.65,290449615.96,951692875.07,152929080.57,2630346.48,959914034.02,590076040.68,789687832.62,400974894.03,109298533.35,122030532.39,244051762.26,132808763.33,961430385.03,261720733.91,779237738.41,706038555.5,85318506.53,549355157.85,886747293.76,174832526.71,877170256.44,657882844.78,553666483.86,319989212.2,222343787.59,996897294.98,510373078.51,370066890.92,533184079.97,570043841.1,203997850.06,468997929.27,674130998.75,425600368.23,220439667.21,310860798.39,408297135.99,269771319.53,94759347.3,926502504.41,242949436.59,913154122.38,580956454.31,663622619.41,430613444.82
