entity,period,"S.28.02.01.01,R0010,C0010","S.28.02.01.01,R0010,C0020"
0LFF1WMNTWG5PTIYYI38,2019-12-31,110319387.53,993623507.39
