entity,period,"S.28.01.01.01,R0010,C0010"
0LFF1WMNTWG5PTIYYI38,2019-12-31,573244669.39
