entity,period,"S.28.02.01.03,R0200,C0070","S.28.02.01.03,R0200,C0080"
0LFF1WMNTWG5PTIYYI38,2019-12-31,969736789.5,381477003.0
