entity,period,"S.28.02.01.06,R0500,C0140","S.28.02.01.06,R0500,C0150","S.28.02.01.06,R0510,C0140","S.28.02.01.06,R0510,C0150","S.28.02.01.06,R0520,C0140","S.28.02.01.06,R0520,C0150","S.28.02.01.06,R0530,C0140","S.28.02.01.06,R0530,C0150","S.28.02.01.06,R0540,C0140","S.28.02.01.06,R0540,C0150","S.28.02.01.06,R0550,C0140","S.28.02.01.06,R0550,C0150","S.28.02.01.06,R0560,C0140","S.28.02.01.06,R0560,C0150"
0LFF1WMNTWG5PTIYYI38,2019-12-31,406459918.86,424956361.14,45207320.13,213759166.45,585446647.88,444118291.22,566829966.16,750487526.18,907076786.43,216390085.39,563403902.1,951522214.35,548739106.33,530605074.53
