entity,period,"S.28.01.01.04,R0210,C0050","S.28.01.01.04,R0220,C0050","S.28.01.01.04,R0230,C0050","S.28.01.01.04,R0240,C0050","S.28.01.01.04,R0250,C0060"
0LFF1WMNTWG5PTIYYI38,2019-12-31,400746515.65,566747373.79,876963610.97,924110741.76,524053182.57
