entity,period,"S.28.01.01.02,R0020,C0020","S.28.01.01.02,R0020,C0030","S.28.01.01.02,R0030,C0020","S.28.01.01.02,R0030,C0030","S.28.01.01.02,R0040,C0020","S.28.01.01.02,R0040,C0030","S.28.01.01.02,R0050,C0020","S.28.01.01.02,R0050,C0030","S.28.01.01.02,R0060,C0020","S.28.01.01.02,R0060,C0030","S.28.01.01.02,R0070,C0020","S.28.01.01.02,R0070,C0030","S.28.01.01.02,R0080,C0020","S.28.01.01.02,R0080,C0030","S.28.01.01.02,R0090,C0020","S.28.01.01.02,R0090,C0030","S.28.01.01.02,R0100,C0020","S.28.01.01.02,R0100,C0030","S.28.01.01.02,R0110,C0020","S.28.01.01.02,R0110,C0030","S.28.01.01.02,R0120,C0020","S.28.01.01.02,R0120,C0030","S.28.01.01.02,R0130,C0020","S.28.01.01.02,R0130,C0030","S.28.01.01.02,R0140,C0020","S.28.01.01.02,R0140,C0030","S.28.01.01.02,R0150,C0020","S.28.01.01.02,R0150,C0030","S.28.01.01.02,R0160,C0020","S.28.01.01.02,R0160,C0030","S.28.01.01.02,R0170,C0020","S.28.01.01.02,R0170,C0030"
0LFF1WMNTWG5PTIYYI38,2019-12-31,269798596.98,4180285.3,51065438.12,977709356.39,669368912.79,560809327.57,884828701.98,197038966.04,91902995.26,475263310.43,206847954.57,632549483.25,717112803.01,831819785.75,738020935.37,191936662.59,524704438.83,325561247.1,35129214.0,670027162.4,708713271.73,681585337.85,174719720.02,360242728.0,718686165.8,834137315.18,57320525.91,513079895.4,378808092.16,783183034.52,942357774.4,41812245.03
