entity,period,"S.28.01.01.05,R0300,C0070","S.28.01.01.05,R0310,C0070","S.28.01.01.05,R0320,C0070","S.28.01.01.05,R0330,C0070","S.28.01.01.05,R0340,C0070","S.28.01.01.05,R0350,C0070","S.28.01.01.05,R0400,C0070"
0LFF1WMNTWG5PTIYYI38,2019-12-31,981395757.17,933616732.56,485597867.73,56304373.88,232802591.86,416520867.15,299152046.19
