entity,period,"S.28.01.01.03,R0200,C0040"
0LFF1WMNTWG5PTIYYI38,2019-12-31,319210632.03
