entity,period,"T.99.01.01.01,C0010","T.99.01.01.01,C0020","T.99.01.01.01,C0030","T.99.01.01.01,C0040","T.99.01.01.01,C0050","T.99.01.01.01,C0060","T.99.01.01.01,C0070","T.99.01.01.01,C0080","T.99.01.01.01,C0090","T.99.01.01.01,C0100","T.99.01.01.01,C0110","T.99.01.01.01,C0120"
0LFF1WMNTWG5PTIYYI38,2019-12-31,1,1,1,1,mfin kvpkks dk,282150021.91,gijj jpso ij oehbzs endmti,2012-02-19 00:00:00,395322.0,261198.0,0.4271,False
